Archive member included because of file (symbol)

.\libandessta.a(xip_ovly.o)   obj/sta/tcpip/dhcpc.o (overlayunload)
.\libandessta.a(cnm_timer.o)  obj/sta/iot_custom.o (cnmTimerInitTimer)
.\libandessta.a(iot_io_cmd.o)
                              obj/sta/iot_custom.o (IoT_gpio_output)
.\libandessta.a(iot_mgmt_cmd.o)
                              obj/sta/iot_at_cmd.o (IoT_Cmd_LinkDown)
.\libandessta.a(iot_priv.o)   obj/sta/iot_at_cmd.o (IoT_Xmodem_Update_FW_Stop)
.\libandessta.a(queue.o)      obj/sta/wifi_task_pub.o (apiQU_Dequeue)
.\libandessta.a(app_nos_main.o)
                              .\libandessta.a(iot_mgmt_cmd.o) (pAd)
.\libandessta.a(assoc.o)      obj/sta/rtmp_data_pub.o (PeerDisassocAction)
.\libandessta.a(auth.o)       obj/sta/rtmp_data_pub.o (MlmeAuthProcess)
.\libandessta.a(chip_init.o)  obj/sta/iot_at_cmd.o (Sys_reboot)
.\libandessta.a(cmm_wpa.o)    obj/sta/rtmp_data_pub.o (WpaEAPOLKeyAction)
.\libandessta.a(crypt_aes.o)  .\libandessta.a(cmm_wpa.o) (AES_Key_Unwrap)
.\libandessta.a(crypt_hmac.o)
                              .\libandessta.a(cmm_wpa.o) (RT_HMAC_MD5)
.\libandessta.a(rtmp_data.o)  obj/sta/rtmp_data_pub.o (RTMPCheckRxError)
.\libandessta.a(rtmp_general.o)
                              .\libandessta.a(cmm_wpa.o) (RTMPCompareMemory)
.\libandessta.a(scan.o)       obj/sta/mt7681_ChSw_pub.o (rtmp_mac_set_ctrlch)
.\libandessta.a(smtcn.o)      obj/sta/iot_custom.o (SMTCN_state_chg_init)
.\libandessta.a(wow.o)        .\libandessta.a(chip_init.o) (RTMP_EnableTxRx)
.\libandessta.a(bsp.o)        obj/sta/main_pub.o (BSP_Init)
.\libandessta.a(ee_efuse.o)   .\libandessta.a(chip_init.o) (eEp_init)
.\libandessta.a(fce.o)        .\libandessta.a(app_nos_main.o) (drvFCE_RegisterIntHdlr)
.\libandessta.a(pdma.o)       .\libandessta.a(app_nos_main.o) (PdmaVrPortIntHdlr)
.\libandessta.a(spi-flash.o)  obj/sta/spi-flash_pub.o (SPI_REG8)
.\libandessta.a(timer.o)      .\libandessta.a(bsp.o) (drvTMR_Init)
.\libandessta.a(uart.o)       obj/sta/iot_uart_rb.o (UART_PutUARTByte)
.\libandessta.a(uartlite.o)   obj/sta/iot_xmodem.o (UART_PutChar)
.\libandessta.a(main.o)       obj/sta/main_pub.o (sys_Init)
.\libandessta.a(xcpt.o)       cust/ctxsw.o (sysXCPT_XcptHdlr)
.\libandessta.a(initial.o)    obj/sta/main_pub.o (sysKernelStart)
.\libandessta.a(mutex.o)      .\libandessta.a(iot_priv.o) (SYSirq_Disable_Interrupts_Save_Flags)
.\libandessta.a(stack.o)      .\libandessta.a(main.o) (sysStack)
.\libandessta.a(syscall.o)    .\libandessta.a(mutex.o) (sysCALL)
.\libandessta.a(task.o)       cust/ctxsw.o (sysTaskingCtl)
.\libandessta.a(list.o)       .\libandessta.a(queue.o) (apiInitListEntry)
.\libandessta.a(random.o)     obj/sta/ZC_Adpter/zc_mt7681_adapter.o (apiRand)
.\libandessta.a(printf.o)     obj/sta/iot_at_cmd.o (Printf_High)
.\libandessta.a(stdlib.o)     obj/sta/ZC_Adpter/zc_mt7681_adapter.o (malloc)
.\libandessta.a(strcmp.o)     obj/sta/tcpip/resolv.o (strcmp)
.\libandessta.a(strcpy.o)     obj/sta/tcpip/resolv.o (strcpy)
.\libandessta.a(strlen.o)     obj/sta/iot_at_cmd.o (strlen)
.\libandessta.a(vsprintf.o)   obj/sta/iot_at_cmd.o (simple_strtol)
.\libandessta.a(mcuctl.o)     .\libandessta.a(uart.o) (drvMCUCTL_RegisterIntHdlr)
.\libandessta.a(mt7681_ChSw.o)
                              .\libandessta.a(chip_init.o) (RF_WRITE8)
.\libandessta.a(wifi_ps.o)    .\libandessta.a(main.o) (drvPBF_IntHdler)
.\libandessta.a(wifi_task.o)  obj/sta/wifi_task_pub.o (GetQueueInfo)
.\libandessta.a(ate.o)        .\libandessta.a(chip_init.o) (Set_ATE_Efuse_Read)
.\libandessta.a(cmm_wep.o)    .\libandessta.a(cmm_wpa.o) (AsicUpdateRxWCIDTable)
.\libandessta.a(led.o)        .\libandessta.a(wow.o) (LED_Fast_Blinking)
.\libandessta.a(do_printf.o)  .\libandessta.a(printf.o) (do_printf)
.\libandessta.a(fputs.o)      .\libandessta.a(printf.o) (putchar)
.\libandessta.a(ctype.o)      .\libandessta.a(vsprintf.o) (_ctype)

Allocating common symbols
Common symbol       size              file

g_struClientBuffer  0x1b0             obj/sta/ZC_Adpter/zc_mt7681_adapter.o
udp_app_state       0x10              obj/sta/tcpip/iot_udp_app.o
g_struProtocolController
                    0x8c              obj/sta/ZC/src/zc/zc_protocol_controller.o
T2                  0x58              obj/sta/ZC/src/tropicssl/rsa.o
g_struMtTimer       0x38              obj/sta/ZC_Adpter/zc_mt7681_adapter.o
arp_timer           0x8               obj/sta/tcpip/tcpip_main.o
O_T1                0x58              obj/sta/ZC/src/tropicssl/bignum.o
System_Timer_Pool   0x14              .\libandessta.a(timer.o)
g_struTimer         0x38              obj/sta/ZC/src/zc/zc_timer.o
IoTCustOp           0x1c              obj/sta/iot_custom.o
uip_acc32           0x4               obj/sta/tcpip/uip.o
IoTCustTimer        0x1c              obj/sta/iot_custom.o
sysTaskingCtl       0x34              .\libandessta.a(task.o)
uart_rb_info        0xc               obj/sta/iot_uart_rb.o
gATEInfo            0x24d             .\libandessta.a(ate.o)
[...]
Memory Configuration

Name             Origin             Length             Attributes
SRAM             0x00000000         0x00010000         axw
ROM              0x00102000         0x00002000         axr
FLASH            0x00500000         0x00100000         axr
FLASH_XIP_STA    0x00530000         0x0000f000         axr
FLASH_OVERLAY_STA 0x0053f000         0x0000f000         axr
*default*        0x00000000         0xffffffff

Linker script and memory map

                0x00102d48                ARC4_Compute = 0x102d48
                0x00103e98                RT_MD5 = 0x103e98
                0x00102de0                RT_SHA1_Hash = 0x102de0
                0x0010252c                aes_mul_e = 0x10252c
                0x001026a4                memmove = 0x1026a4
                0x00103e54                RT_MD5_Init = 0x103e54
                0x0010242c                aes_mul_d = 0x10242c
                0x0010262c                SHA1_K = 0x10262c
                0x001026f0                memcpy = 0x1026f0
                0x00103d48                RT_MD5_End = 0x103d48
                0x0010263c                SHA1_DefaultHashValue = 0x10263c
                0x00103dc0                RT_MD5_Append = 0x103dc0
                0x001031bc                RT_SHA1 = 0x1031bc
                0x001027a0                RT_AES_KeyExpansion = 0x1027a0
                0x00102000                ROMBA = 0x102000
                0x00102cf0                ARC4_INIT = 0x102cf0
                0x00102fd8                RT_SHA1_End = 0x102fd8
                0x00102000                _SDA_BASE_ = 0x102000
                0x001026d4                memcmp = 0x1026d4
                0x0010271c                TKIP_GTK_KEY_WRAP = 0x10271c
                0x00102708                memset = 0x102708
                0x0010202c                aes_sbox_enc = 0x10202c
                0x00102650                MD5_DefaultHashValue = 0x102650
                0x0010222c                aes_mul_9 = 0x10222c
                0x00103178                RT_SHA1_Init = 0x103178
                0x00103ffe                ROMVersion = 0x103ffe
                0x001028ac                RT_AES_Decrypt = 0x1028ac
                0x00102000                aes_rcon = 0x102000
                0x001030e4                RT_SHA1_Append = 0x1030e4
                0x0010232c                aes_mul_b = 0x10232c
                0x00102660                strspn = 0x102660
                0x0010278c                TKIP_GTK_KEY_UNWRAP = 0x10278c
                0x00102da8                ARC4_Discard_KeyLength = 0x102da8
                0x001031fc                RT_MD5_Hash = 0x1031fc
                0x0010212c                aes_sbox_dec = 0x10212c
                0x00102684                strpbrk = 0x102684
                0x00102000                ROM_BASEADDR = 0x102000
                0x00002000                ROM_SIZE = 0x2000
                0x00102000                PROVIDE (_ROM_BASEADDR, ROM_BASEADDR)
                0x00002000                PROVIDE (_ROM_SIZE, ROM_SIZE)
                0x00000000                RAM_BASEADDR = 0x0
                0x00010000                RAM_SIZE = 0x10000
                0x00000000                PROVIDE (_RAM_BASEADDR, RAM_BASEADDR)
                0x00010000                PROVIDE (_RAM_SIZE, RAM_SIZE)
                0x00008000                HALF_SRAM_SIZE = 0x8000
                0x00000000                ILMBA = 0x0
                0x00008000                DLMBA = (0x0 + HALF_SRAM_SIZE)
                0x00102000                ROMBA = 0x102000
                0x00500000                FLASHBA = 0x500000
                0x00000000                PROVIDE (_ILMBA, ILMBA)
                0x00008000                PROVIDE (_DLMBA, DLMBA)
                0x0000ff00                STACK_ORIGIN = 0xff00
                0x00000000                GLOBAL_ORIGIN = ILMBA
                0x0000ff00                PROVIDE (_STACK_ORIGIN, STACK_ORIGIN)
                0x00000000                PROVIDE (_GLOBAL_ORIGIN, GLOBAL_ORIGIN)
                0x00000000                __ilm_start = .
                0x00000000                VECT_SECT_VMA = RAM_BASEADDR

.VECT           0x00000000       0x40
 *(.vector)
 .vector        0x00000000       0x40 cust/vectors.o
                0x00000000                _xcpt_vctr
                0x00000040                . = ALIGN (0x10)
                0x00000040                TEXT_SECT_VMA = .

.TEXT           0x00000040     0x6b08
 *(.Xcpt)
 .Xcpt          0x00000040        0x8 cust/ctxsw.o
                0x00000040                sysXcpt
 *(.ctxsw)
 .ctxsw         0x00000048       0x5c cust/ctxsw.o
                0x00000078                sysLoadCtx
                0x00000048                sysCtxSw
 *(.startup)
 .startup       0x000000a4       0x68 cust/startup.o
                0x000000a4                _startup
 *(EXCLUDE_FILE(obj/sta/tcpip/resolv.o obj/sta/ZC_Adpter/zc_mt7681_adapter.o *obj/sta/ZC/src/aes/*.o *obj/sta/ZC/src/zc/*.o *obj/sta/ZC/src/tropicssl/*.o) .text)
 *(EXCLUDE_FILE(obj/sta/tcpip/resolv.o obj/sta/ZC_Adpter/zc_mt7681_adapter.o *obj/sta/ZC/src/aes/*.o *obj/sta/ZC/src/zc/*.o *obj/sta/ZC/src/tropicssl/*.o) .text.*)
 .text.IoT_parse_IWCmd
                0x0000010c        0x4 obj/sta/iot_at_cmd.o
                0x0000010c                IoT_parse_IWCmd
 .text.IoT_exec_AT_cmd_TestSwitch
                0x00000110      0x104 obj/sta/iot_at_cmd.o
                0x00000110                IoT_exec_AT_cmd_TestSwitch
 .text.IoT_Cust_Ops
                0x00000214       0x4c obj/sta/iot_custom.o
                0x00000214                IoT_Cust_Ops
 .text.default_uart_cfg
                0x00000260       0x24 obj/sta/iot_custom.o
                0x00000260                default_uart_cfg
 .text.IoT_Cust_HW_Timer1_Hdlr
                0x00000284        0x4 obj/sta/iot_custom.o
                0x00000284                IoT_Cust_HW_Timer1_Hdlr
 .text.IoT_Cust_Get_HW_Timer1_TICK_HZ
                0x00000288        0x4 obj/sta/iot_custom.o
                0x00000288                IoT_Cust_Get_HW_Timer1_TICK_HZ
 .text.IoT_Cust_GPIINT_Hdlr
                0x0000028c       0x9c obj/sta/iot_custom.o
                0x0000028c                IoT_Cust_GPIINT_Hdlr
 .text.default_ip_cfg
                0x00000328       0x30 obj/sta/iot_custom.o
                0x00000328                default_ip_cfg
 .text.IoT_Cust_SM_Smnt
                0x00000358       0x18 obj/sta/iot_custom.o
                0x00000358                IoT_Cust_SM_Smnt
 .text.IoT_Cust_SM_Init
                0x00000370       0x18 obj/sta/iot_custom.o
                0x00000370                IoT_Cust_SM_Init
 .text.reset_sta_cfg
                0x00000388       0x2c obj/sta/iot_custom.o
                0x00000388                reset_sta_cfg
 .text.reset_cfg
                0x000003b4       0x30 obj/sta/iot_custom.o
                0x000003b4                reset_cfg
 .text.Pre_init_cfg
                0x000003e4       0x58 obj/sta/iot_custom.o
                0x000003e4                Pre_init_cfg
 .text.CustTimer0TimeoutAction
                0x0000043c       0x24 obj/sta/iot_custom.o
                0x0000043c                CustTimer0TimeoutAction
 .text.IoT_Cust_Init
                0x00000460       0x68 obj/sta/iot_custom.o
                0x00000460                IoT_Cust_Init
 .text.IoT_Cust_Sub_Task
                0x000004c8       0x6c obj/sta/iot_custom.o
                0x000004c8                IoT_Cust_Sub_Task
 .text.UARTRx_Buf_Init
                0x00000534       0x24 obj/sta/iot_uart_rb.o
                0x00000534                UARTRx_Buf_Init
 .text.UART_Tx_Cb
                0x00000558        0x4 obj/sta/iot_uart_rb.o
                0x00000558                UART_Tx_Cb
 .text.uart_rb_init
                0x0000055c       0x20 obj/sta/iot_uart_rb.o
                0x0000055c                uart_rb_init
 .text.uart_rb_push
                0x0000057c       0x24 obj/sta/iot_uart_rb.o
                0x0000057c                uart_rb_push
 .text.UART_Rx_Packet_Dispatch
                0x000005a0       0xf4 obj/sta/iot_uart_rb.o
                0x000005a0                UART_Rx_Packet_Dispatch
 .text.UART_GetByte
                0x00000694       0x3c obj/sta/iot_uart_rb.o
                0x00000694                UART_GetByte
 .text.UART_Rx_Cb
                0x000006d0      0x2c4 obj/sta/iot_uart_rb.o
                0x000006d0                UART_Rx_Cb
 .text.UART_PutBytes
                0x00000994       0xe8 obj/sta/iot_uart_rb.o
                0x00000994                UART_PutBytes
 .text.setFlagVfyInit
                0x00000a7c       0x10 obj/sta/wifi_task_pub.o
                0x00000a7c                setFlagVfyInit
 .text.CustomExtraCheckForPS
                0x00000a8c        0x4 obj/sta/wifi_task_pub.o
                0x00000a8c                CustomExtraCheckForPS
 .text.ws_goto_smnt
                0x00000a90       0x34 obj/sta/wifi_task_pub.o
                0x00000a90                ws_goto_smnt
 .text.ws_init  0x00000ac4       0x78 obj/sta/wifi_task_pub.o
                0x00000ac4                ws_init
 .text.ws_smt_conn
                0x00000b3c       0x2c obj/sta/wifi_task_pub.o
                0x00000b3c                ws_smt_conn
 .text.wifi_state_machine
                0x00000b68       0xa0 obj/sta/wifi_task_pub.o
                0x00000b68                wifi_state_machine
 .text.wifi_rx_proc
                0x00000c08       0x58 obj/sta/wifi_task_pub.o
                0x00000c08                wifi_rx_proc
 .text.wifiTASK_LowPrioTask
                0x00000c60       0xb0 obj/sta/wifi_task_pub.o
                0x00000c60                wifiTASK_LowPrioTask
 .text.AES_CBC_Decrypt
                0x00000d10       0xd0 obj/sta/iot_aes_pub.o
                0x00000d10                AES_CBC_Decrypt
 .text.AES_CBC_Encrypt
                0x00000de0      0x208 obj/sta/iot_aes_pub.o
                0x00000de0                AES_CBC_Encrypt
 .text.strchr   0x00000fe8       0x20 obj/sta/iot_at_cmd_utility.o
                0x00000fe8                strchr
 .text.split_string_cmd
                0x00001008       0x60 obj/sta/iot_at_cmd_utility.o
                0x00001008                split_string_cmd
 .text.getopt   0x00001068      0x160 obj/sta/iot_at_cmd_utility.o
                0x00001068                getopt
 .text.crc_cal_by_bit2
                0x000011c8       0x48 obj/sta/iot_xmodem.o
                0x000011c8                crc_cal_by_bit2
 .text.crc16_ccitt
                0x00001210       0x1c obj/sta/iot_xmodem.o
                0x00001210                crc16_ccitt
 .text.check    0x0000122c       0x54 obj/sta/iot_xmodem.o
 .text.port_inbyte
                0x00001280       0x54 obj/sta/iot_xmodem.o
                0x00001280                port_inbyte
 .text.port_outbyte
                0x000012d4       0x1c obj/sta/iot_xmodem.o
                0x000012d4                port_outbyte
 .text.IoT_Xmodem_Update_FW
                0x000012f0      0x2f4 obj/sta/iot_xmodem.o
                0x000012f0                IoT_Xmodem_Update_FW
 .text.main     0x000015e4       0x94 obj/sta/main_pub.o
                0x000015e4                main
 .text.DelayTick
                0x00001678        0xc obj/sta/misc_pub.o
                0x00001678                DelayTick
 .text.usecDelay
                0x00001684       0x4c obj/sta/misc_pub.o
                0x00001684                usecDelay
 .text.msecDelay
                0x000016d0       0x54 obj/sta/misc_pub.o
                0x000016d0                msecDelay
 .text.RxFsIntFilterOut
                0x00001724       0x84 obj/sta/rtmp_data_pub.o
                0x00001724                RxFsIntFilterOut
 .text.STAHandleRxDataFrame
                0x000017a8       0xe8 obj/sta/rtmp_data_pub.o
                0x000017a8                STAHandleRxDataFrame
 .text.BeaconTimeoutAction
                0x00001890       0x1c obj/sta/rtmp_data_pub.o
                0x00001890                BeaconTimeoutAction
 .text.RestartBCNTimer
                0x000018ac       0x34 obj/sta/rtmp_data_pub.o
                0x000018ac                RestartBCNTimer
 .text.STAHandleRxMgmtFrame
                0x000018e0      0x100 obj/sta/rtmp_data_pub.o
                0x000018e0                STAHandleRxMgmtFrame
 .text.STARxDoneInterruptHandle
                0x000019e0       0xe0 obj/sta/rtmp_data_pub.o
                0x000019e0                STARxDoneInterruptHandle
 .text.reflect  0x00001ac0       0x34 obj/sta/spi-flash_pub.o
                0x00001ac0                reflect
 .text.crc32    0x00001af4       0x68 obj/sta/spi-flash_pub.o
                0x00001af4                crc32
 .text.spi_flash_update_fw_done
                0x00001b5c       0x24 obj/sta/spi-flash_pub.o
                0x00001b5c                spi_flash_update_fw_done
 .text.spi_flash_page_write
                0x00001b80       0x88 obj/sta/spi-flash_pub.o
 .text.spi_flash_write_func
                0x00001c08       0x94 obj/sta/spi-flash_pub.o
                0x00001c08                spi_flash_write_func
 .text.spi_flash_erase_SE
                0x00001c9c       0x6c obj/sta/spi-flash_pub.o
                0x00001c9c                spi_flash_erase_SE
 .text.spi_flash_write
                0x00001d08      0x198 obj/sta/spi-flash_pub.o
                0x00001d08                spi_flash_write
 .text.spi_flash_CopyApToSta
                0x00001ea0      0x19c obj/sta/spi-flash_pub.o
                0x00001ea0                spi_flash_CopyApToSta
 .text.spi_flash_update_fw
                0x0000203c      0x100 obj/sta/spi-flash_pub.o
                0x0000203c                spi_flash_update_fw
 .text.clock_time
                0x0000213c       0x24 obj/sta/tcpip/clock-arch.o
                0x0000213c                clock_time
 .text.dhcpc_set_state
                0x00002160        0xc obj/sta/tcpip/dhcpc.o
                0x00002160                dhcpc_set_state
 .text.handle_dhcp
                0x0000216c       0x34 obj/sta/tcpip/dhcpc.o
                0x0000216c                handle_dhcp
 .text.iot_tcp_app_init
                0x000021a0        0x4 obj/sta/tcpip/iot_tcp_app.o
                0x000021a0                iot_tcp_app_init
 .text.iot_tcp_appcall
                0x000021a4       0x54 obj/sta/tcpip/iot_tcp_app.o
                0x000021a4                iot_tcp_appcall
 .text.iot_udp_appcall
                0x000021f8       0x6c obj/sta/tcpip/iot_udp_app.o
                0x000021f8                iot_udp_appcall
 .text.iot_udp_app_init
                0x00002264       0x2c obj/sta/tcpip/iot_udp_app.o
                0x00002264                iot_udp_app_init
 .text.mt76xx_dev_init
                0x00002290        0x4 obj/sta/tcpip/mt76xx_dev.o
                0x00002290                mt76xx_dev_init
 .text.mt76xx_dev_read
                0x00002294       0x2c obj/sta/tcpip/mt76xx_dev.o
                0x00002294                mt76xx_dev_read
 .text.mt76xx_dev_send
                0x000022c0       0x60 obj/sta/tcpip/mt76xx_dev.o
                0x000022c0                mt76xx_dev_send
 .text.resolv_usage_init
                0x00002320       0x30 obj/sta/tcpip/sample_resolv_usage.o
                0x00002320                resolv_usage_init
 .text.resolv_found
                0x00002350       0x2c obj/sta/tcpip/sample_resolv_usage.o
                0x00002350                resolv_found
 .text.dhcpc_configured
                0x0000237c       0x70 obj/sta/tcpip/tcpip_main.o
                0x0000237c                dhcpc_configured
 .text.tcpip_periodic_timer
                0x000023ec      0x108 obj/sta/tcpip/tcpip_main.o
                0x000023ec                tcpip_periodic_timer
 .text.netif_rx
                0x000024f4       0xb0 obj/sta/tcpip/tcpip_main.o
                0x000024f4                netif_rx
 .text.tcpip_init
                0x000025a4       0x38 obj/sta/tcpip/tcpip_main.o
                0x000025a4                tcpip_init
 .text.uip_add32
                0x000025dc       0x5c obj/sta/tcpip/uip.o
                0x000025dc                uip_add32
 .text.chksum   0x00002638       0x40 obj/sta/tcpip/uip.o
 .text.uip_ipchksum
                0x00002678       0x3c obj/sta/tcpip/uip.o
                0x00002678                uip_ipchksum
 .text.upper_layer_chksum
                0x000026b4       0x5c obj/sta/tcpip/uip.o
 .text.uip_tcpchksum
                0x00002710       0x1c obj/sta/tcpip/uip.o
                0x00002710                uip_tcpchksum
 .text.uip_udpchksum
                0x0000272c       0x1c obj/sta/tcpip/uip.o
                0x0000272c                uip_udpchksum
 .text.uip_add_rcv_nxt
                0x00002748       0x4c obj/sta/tcpip/uip.o
 .text.htons    0x00002794       0x14 obj/sta/tcpip/uip.o
                0x00002794                htons
 .text.uip_process
                0x000027a8       0x34 obj/sta/tcpip/uip.o
                0x000027a8                uip_process
 .text.uip_arp_update
                0x000027dc      0x12c obj/sta/tcpip/uip_arp.o
 .text.uip_arp_arpin
                0x00002908      0x10c obj/sta/tcpip/uip_arp.o
                0x00002908                uip_arp_arpin
 .text.uip_arp_out
                0x00002a14      0x20c obj/sta/tcpip/uip_arp.o
                0x00002a14                uip_arp_out
 .text.uip_arp_timer
                0x00002c20       0x74 obj/sta/tcpip/uip_arp.o
                0x00002c20                uip_arp_timer
 .text.timer_reset
                0x00002c94        0xc obj/sta/tcpip/uip_timer.o
                0x00002c94                timer_reset
 .text.timer_expired
                0x00002ca0       0x24 obj/sta/tcpip/uip_timer.o
                0x00002ca0                timer_expired
 .text.timer_set
                0x00002cc4       0x1c obj/sta/tcpip/uip_timer.o
                0x00002cc4                timer_set
 .text.overlayunload
                0x00002ce0       0x7c .\libandessta.a(xip_ovly.o)
                0x00002ce0                overlayunload
 .text.overlaycopy
                0x00002d5c       0x18 .\libandessta.a(xip_ovly.o)
                0x00002d5c                overlaycopy
 .text.overlayload
                0x00002d74       0xc8 .\libandessta.a(xip_ovly.o)
                0x00002d74                overlayload
 .text.cnmTimerInitTimer
                0x00002e3c       0x10 .\libandessta.a(cnm_timer.o)
                0x00002e3c                cnmTimerInitTimer
 .text.cnmTimerStopTimer
                0x00002e4c       0x40 .\libandessta.a(cnm_timer.o)
                0x00002e4c                cnmTimerStopTimer
 .text.cnmTimerSetTimer
                0x00002e8c       0x3c .\libandessta.a(cnm_timer.o)
 .text.cnmTimerDoTimeOutCheck
                0x00002ec8       0xb4 .\libandessta.a(cnm_timer.o)
                0x00002ec8                cnmTimerDoTimeOutCheck
 .text.cnmTimerStartTimer
                0x00002f7c       0x98 .\libandessta.a(cnm_timer.o)
                0x00002f7c                cnmTimerStartTimer
 .text.IoT_gpio_output
                0x00003014       0xac .\libandessta.a(iot_io_cmd.o)
                0x00003014                IoT_gpio_output
 .text.IoT_gpio_read
                0x000030c0       0x40 .\libandessta.a(iot_io_cmd.o)
                0x000030c0                IoT_gpio_read
 .text.IoT_gpio_batch_modify_output_value
                0x00003100       0x3c .\libandessta.a(iot_io_cmd.o)
                0x00003100                IoT_gpio_batch_modify_output_value
 .text.IoT_gpio_batch_modify_mode
                0x0000313c       0x24 .\libandessta.a(iot_io_cmd.o)
                0x0000313c                IoT_gpio_batch_modify_mode
 .text.IoT_software_pwm_handler
                0x00003160       0xd0 .\libandessta.a(iot_io_cmd.o)
                0x00003160                IoT_software_pwm_handler
 .text.IoT_software_pwm_init
                0x00003230       0x28 .\libandessta.a(iot_io_cmd.o)
                0x00003230                IoT_software_pwm_init
 .text.IoT_uart_output
                0x00003258       0x18 .\libandessta.a(iot_io_cmd.o)
                0x00003258                IoT_uart_output
 .text.IoT_Xmodem_Update_FW_Stop
                0x00003270       0x4c .\libandessta.a(iot_priv.o)
                0x00003270                IoT_Xmodem_Update_FW_Stop
 .text.IoT_Xmodem_Update_FW_Start
                0x000032bc       0x48 .\libandessta.a(iot_priv.o)
                0x000032bc                IoT_Xmodem_Update_FW_Start
 .text.apiQU_Dequeue
                0x00003304       0x44 .\libandessta.a(queue.o)
                0x00003304                apiQU_Dequeue
 .text.apiQU_Enqueue
                0x00003348       0x40 .\libandessta.a(queue.o)
                0x00003348                apiQU_Enqueue
 .text.PeerDisassocAction
                0x00003388       0x44 .\libandessta.a(assoc.o)
                0x00003388                PeerDisassocAction
 .text.NullFrameTimeoutAction
                0x000033cc       0x20 .\libandessta.a(assoc.o)
                0x000033cc                NullFrameTimeoutAction
 .text.PeerAssocRspAction
                0x000033ec       0x44 .\libandessta.a(assoc.o)
                0x000033ec                PeerAssocRspAction
 .text.MlmeAssocProcess
                0x00003430       0x58 .\libandessta.a(assoc.o)
                0x00003430                MlmeAssocProcess
 .text.MlmeAssocReqAction
                0x00003488       0x3c .\libandessta.a(assoc.o)
                0x00003488                MlmeAssocReqAction
 .text.MlmeAuthProcess
                0x000034c4       0x34 .\libandessta.a(auth.o)
                0x000034c4                MlmeAuthProcess
 .text.AUTH_ReqSend
                0x000034f8       0x50 .\libandessta.a(auth.o)
                0x000034f8                AUTH_ReqSend
 .text.AuthTimeoutAction
                0x00003548       0x58 .\libandessta.a(auth.o)
                0x00003548                AuthTimeoutAction
 .text.sysDelay1u
                0x000035a0       0x10 .\libandessta.a(chip_init.o)
 .text.clean_key_tb
                0x000035b0       0x50 .\libandessta.a(chip_init.o)
                0x000035b0                clean_key_tb
 .text.MT7681_ReadEEPROM
                0x00003600       0x50 .\libandessta.a(chip_init.o)
                0x00003600                MT7681_ReadEEPROM
 .text.rtmp_bbp_is_ready
                0x00003650       0x58 .\libandessta.a(chip_init.o)
                0x00003650                rtmp_bbp_is_ready
 .text.WPAInstallSharedKey
                0x000036a8       0x54 .\libandessta.a(cmm_wpa.o)
                0x000036a8                WPAInstallSharedKey
 .text.RTMPParseEapolKeyData
                0x000036fc       0x50 .\libandessta.a(cmm_wpa.o)
                0x000036fc                RTMPParseEapolKeyData
 .text.CalculateMIC
                0x0000374c       0x3c .\libandessta.a(cmm_wpa.o)
                0x0000374c                CalculateMIC
 .text.ConstructEapolKeyData
                0x00003788       0x5c .\libandessta.a(cmm_wpa.o)
                0x00003788                ConstructEapolKeyData
 .text.ConstructEapolMsg
                0x000037e4       0x60 .\libandessta.a(cmm_wpa.o)
                0x000037e4                ConstructEapolMsg
 .text.PRF      0x00003844       0xb4 .\libandessta.a(cmm_wpa.o)
                0x00003844                PRF
 .text.GenRandom
                0x000038f8       0x74 .\libandessta.a(cmm_wpa.o)
                0x000038f8                GenRandom
 .text.WpaDerivePTK
                0x0000396c       0x50 .\libandessta.a(cmm_wpa.o)
                0x0000396c                WpaDerivePTK
 .text.PeerWpaMessageSanity
                0x000039bc       0x44 .\libandessta.a(cmm_wpa.o)
                0x000039bc                PeerWpaMessageSanity
 .text.PeerGroupMsg1Action
                0x00003a00       0x3c .\libandessta.a(cmm_wpa.o)
                0x00003a00                PeerGroupMsg1Action
 .text.PeerPairMsg3Action
                0x00003a3c       0x3c .\libandessta.a(cmm_wpa.o)
                0x00003a3c                PeerPairMsg3Action
 .text.PeerPairMsg1Action
                0x00003a78       0x3c .\libandessta.a(cmm_wpa.o)
                0x00003a78                PeerPairMsg1Action
 .text.WpaEAPOLKeyAction
                0x00003ab4       0xd4 .\libandessta.a(cmm_wpa.o)
                0x00003ab4                WpaEAPOLKeyAction
 .text.AES_Key_Unwrap
                0x00003b88      0x174 .\libandessta.a(crypt_aes.o)
                0x00003b88                AES_Key_Unwrap
 .text.RT_AES_Encrypt
                0x00003cfc      0x3dc .\libandessta.a(crypt_aes.o)
                0x00003cfc                RT_AES_Encrypt
 .text.RT_HMAC_MD5
                0x000040d8      0x134 .\libandessta.a(crypt_hmac.o)
                0x000040d8                RT_HMAC_MD5
 .text.RT_HMAC_SHA1
                0x0000420c      0x134 .\libandessta.a(crypt_hmac.o)
                0x0000420c                RT_HMAC_SHA1
 .text.RTMPCheckRxError
                0x00004340       0x14 .\libandessta.a(rtmp_data.o)
                0x00004340                RTMPCheckRxError
 .text.FCETXIdleCheckForPS
                0x00004354       0x40 .\libandessta.a(rtmp_data.o)
                0x00004354                FCETXIdleCheckForPS
 .text.UARTIdleCheckForPS
                0x00004394       0x34 .\libandessta.a(rtmp_data.o)
                0x00004394                UARTIdleCheckForPS
 .text.FCERXCheckForPS
                0x000043c8       0x3c .\libandessta.a(rtmp_data.o)
                0x000043c8                FCERXCheckForPS
 .text.UARTTRTimeUpdate
                0x00004404       0x28 .\libandessta.a(rtmp_data.o)
                0x00004404                UARTTRTimeUpdate
 .text.STASleepTime
                0x0000442c       0xe0 .\libandessta.a(rtmp_data.o)
                0x0000442c                STASleepTime
 .text.RTMPRawDataSanity
                0x0000450c       0xd8 .\libandessta.a(rtmp_data.o)
                0x0000450c                RTMPRawDataSanity
 .text.STAPowerSavingNULL
                0x000045e4       0x60 .\libandessta.a(rtmp_data.o)
                0x000045e4                STAPowerSavingNULL
 .text.STAPowerSaving
                0x00004644       0xe8 .\libandessta.a(rtmp_data.o)
                0x00004644                STAPowerSaving
 .text.STACheckRxDataForPS
                0x0000472c       0xd0 .\libandessta.a(rtmp_data.o)
                0x0000472c                STACheckRxDataForPS
 .text.STACheckRxBeaconForPS
                0x000047fc       0xc4 .\libandessta.a(rtmp_data.o)
                0x000047fc                STACheckRxBeaconForPS
 .text.RTMPWriteTxWI_Mgmt
                0x000048c0       0xac .\libandessta.a(rtmp_data.o)
                0x000048c0                RTMPWriteTxWI_Mgmt
 .text.WriteSingleTxResource
                0x0000496c       0x48 .\libandessta.a(rtmp_data.o)
                0x0000496c                WriteSingleTxResource
 .text.RTMPZeroMemory
                0x000049b4       0x14 .\libandessta.a(rtmp_general.o)
                0x000049b4                RTMPZeroMemory
 .text.RTMPCompareMemory
                0x000049c8       0x28 .\libandessta.a(rtmp_general.o)
                0x000049c8                RTMPCompareMemory
 .text.GetTimBit
                0x000049f0       0x84 .\libandessta.a(rtmp_general.o)
                0x000049f0                GetTimBit
 .text.PeerBeaconAdvPwrSavingSanity
                0x00004a74       0xcc .\libandessta.a(rtmp_general.o)
                0x00004a74                PeerBeaconAdvPwrSavingSanity
 .text.MgtMacHeaderInit
                0x00004b40       0x78 .\libandessta.a(rtmp_general.o)
                0x00004b40                MgtMacHeaderInit
 .text.MakeOutgoingFrame
                0x00004bb8       0x4c .\libandessta.a(rtmp_general.o)
                0x00004bb8                MakeOutgoingFrame
 .text.OS_WAIT  0x00004c04       0x18 .\libandessta.a(rtmp_general.o)
                0x00004c04                OS_WAIT
 .text.NextChannel
                0x00004c1c       0x20 .\libandessta.a(scan.o)
                0x00004c1c                NextChannel
 .text.get_cent_ch_by_htinfo
                0x00004c3c       0x3c .\libandessta.a(scan.o)
                0x00004c3c                get_cent_ch_by_htinfo
 .text.RTMPCheckHt
                0x00004c78       0xfc .\libandessta.a(scan.o)
                0x00004c78                RTMPCheckHt
 .text.PeerBeaconAtScanAction
                0x00004d74       0x44 .\libandessta.a(scan.o)
                0x00004d74                PeerBeaconAtScanAction
 .text.SMTCNGetInfo
                0x00004db8       0x34 .\libandessta.a(smtcn.o)
                0x00004db8                SMTCNGetInfo
 .text.SMTCNParsingMulticast
                0x00004dec       0x50 .\libandessta.a(smtcn.o)
                0x00004dec                SMTCNParsingMulticast
 .text.RTMP_EnableTxRx
                0x00004e3c       0x10 .\libandessta.a(wow.o)
                0x00004e3c                RTMP_EnableTxRx
 .text.rtmp_eep_read16
                0x00004e4c       0x20 .\libandessta.a(ee_efuse.o)
                0x00004e4c                rtmp_eep_read16
 .text.drvFCE_RegisterIntHdlr
                0x00004e6c       0x34 .\libandessta.a(fce.o)
                0x00004e6c                drvFCE_RegisterIntHdlr
 .text.drvFCE_IntHdlr
                0x00004ea0       0x8c .\libandessta.a(fce.o)
                0x00004ea0                drvFCE_IntHdlr
 .text.PdmaVrPortIntHdlr
                0x00004f2c       0xf4 .\libandessta.a(pdma.o)
                0x00004f2c                PdmaVrPortIntHdlr
 .text.PdmaVtPortIntHdlr
                0x00005020      0x100 .\libandessta.a(pdma.o)
                0x00005020                PdmaVtPortIntHdlr
 .text.PdmaTxTsHdlr
                0x00005120       0x70 .\libandessta.a(pdma.o)
                0x00005120                PdmaTxTsHdlr
 .text.TxTsIntHdlr
                0x00005190       0x18 .\libandessta.a(pdma.o)
                0x00005190                TxTsIntHdlr
 .text.PdmaRxFsHdlr
                0x000051a8      0x108 .\libandessta.a(pdma.o)
                0x000051a8                PdmaRxFsHdlr
 .text.RxFsIntHdlr
                0x000052b0       0x18 .\libandessta.a(pdma.o)
                0x000052b0                RxFsIntHdlr
 .text.SPI_REG8
                0x000052c8       0x10 .\libandessta.a(spi-flash.o)
                0x000052c8                SPI_REG8
 .text.SPI_READOUT
                0x000052d8        0xc .\libandessta.a(spi-flash.o)
                0x000052d8                SPI_READOUT
 .text.WAIT_OP_DONE_PUB
                0x000052e4       0x10 .\libandessta.a(spi-flash.o)
                0x000052e4                WAIT_OP_DONE_PUB
 .text.spi_flash_read
                0x000052f4       0x28 .\libandessta.a(spi-flash.o)
                0x000052f4                spi_flash_read
 .text.drvTMR_Init
                0x0000531c       0x14 .\libandessta.a(timer.o)
                0x0000531c                drvTMR_Init
 .text.kal_get_systime
                0x00005330        0xc .\libandessta.a(timer.o)
                0x00005330                kal_get_systime
 .text.kal_delay_time
                0x0000533c       0x1c .\libandessta.a(timer.o)
                0x0000533c                kal_delay_time
 .text.kal_stop_timer
                0x00005358       0x84 .\libandessta.a(timer.o)
                0x00005358                kal_stop_timer
 .text.kal_start_timer
                0x000053dc      0x104 .\libandessta.a(timer.o)
                0x000053dc                kal_start_timer
 .text.SwTimerHandler
                0x000054e0       0x30 .\libandessta.a(timer.o)
                0x000054e0                SwTimerHandler
 .text.hw_timer1_IntHdler
                0x00005510       0x3c .\libandessta.a(timer.o)
                0x00005510                hw_timer1_IntHdler
 .text.drvTMR_IntHdler
                0x0000554c       0x4c .\libandessta.a(timer.o)
                0x0000554c                drvTMR_IntHdler
 .text.UART_PutUARTByte
                0x00005598       0x20 .\libandessta.a(uart.o)
                0x00005598                UART_PutUARTByte
 .text._UART_GetByte
                0x000055b8       0x24 .\libandessta.a(uart.o)
                0x000055b8                _UART_GetByte
 .text.UART_RecHandler
                0x000055dc       0x44 .\libandessta.a(uart.o)
                0x000055dc                UART_RecHandler
 .text.UART_TrxHandler
                0x00005620       0xc4 .\libandessta.a(uart.o)
                0x00005620                UART_TrxHandler
 .text.UART_LISR
                0x000056e4       0x54 .\libandessta.a(uart.o)
                0x000056e4                UART_LISR
 .text.UART_EnableTX
                0x00005738       0x38 .\libandessta.a(uart.o)
                0x00005738                UART_EnableTX
 .text.UART_DisableTX
                0x00005770       0x3c .\libandessta.a(uart.o)
                0x00005770                UART_DisableTX
 .text.UART_EnableRX
                0x000057ac       0x38 .\libandessta.a(uart.o)
                0x000057ac                UART_EnableRX
 .text.UART_DisableRX
                0x000057e4       0x3c .\libandessta.a(uart.o)
                0x000057e4                UART_DisableRX
 .text.UART_PutChar
                0x00005820       0x18 .\libandessta.a(uartlite.o)
                0x00005820                UART_PutChar
 .text.UART_GetChar
                0x00005838       0x20 .\libandessta.a(uartlite.o)
                0x00005838                UART_GetChar
 .text.sysXCPT_XcptHdlr
                0x00005858       0x18 .\libandessta.a(xcpt.o)
                0x00005858                sysXCPT_XcptHdlr
 .text.sysXCPT_ResetXcptHdlr
                0x00005870        0x4 .\libandessta.a(xcpt.o)
 .text.sysXCPT_TlbFillXcptHdlr
                0x00005874        0x4 .\libandessta.a(xcpt.o)
 .text.sysXCPT_PteNotPresentXcptHdlr
                0x00005878        0x4 .\libandessta.a(xcpt.o)
 .text.sysXCPT_TlbMiscXcptHdlr
                0x0000587c        0x4 .\libandessta.a(xcpt.o)
 .text.sysXCPT_TlbVlptMissXcptHdlr
                0x00005880        0x4 .\libandessta.a(xcpt.o)
 .text.sysXCPT_MachineErrXcptHdlr
                0x00005884        0x4 .\libandessta.a(xcpt.o)
 .text.sysXCPT_DebugRelatedXcptHdlr
                0x00005888        0x4 .\libandessta.a(xcpt.o)
 .text.sysXCPT_GeneralXcptHdlr
                0x0000588c        0x4 .\libandessta.a(xcpt.o)
 .text.sysXCPT_SysCallXcptHdlr
                0x00005890        0x4 .\libandessta.a(xcpt.o)
 .text.sysXCPT_Hw0IntrHdlr
                0x00005894        0x4 .\libandessta.a(xcpt.o)
 .text.sysXCPT_Hw1IntrHdlr
                0x00005898        0x4 .\libandessta.a(xcpt.o)
 .text.sysXCPT_Hw2IntrHdlr
                0x0000589c        0x4 .\libandessta.a(xcpt.o)
 .text.sysXCPT_Hw3IntrHdlr
                0x000058a0        0x4 .\libandessta.a(xcpt.o)
 .text.sysXCPT_Hw4IntrHdlr
                0x000058a4        0x4 .\libandessta.a(xcpt.o)
 .text.sysXCPT_Hw5IntrHdlr
                0x000058a8        0x4 .\libandessta.a(xcpt.o)
 .text.sysXCPT_SwIntrHdlr
                0x000058ac        0x4 .\libandessta.a(xcpt.o)
 .text.sysKernelStart
                0x000058b0       0x18 .\libandessta.a(initial.o)
                0x000058b0                sysKernelStart
 .text.SYSirq_Disable_Interrupts_Save_Flags
                0x000058c8       0x14 .\libandessta.a(mutex.o)
                0x000058c8                SYSirq_Disable_Interrupts_Save_Flags
 .text.SYSirq_Interrupts_Restore_Flags
                0x000058dc       0x18 .\libandessta.a(mutex.o)
                0x000058dc                SYSirq_Interrupts_Restore_Flags
 .text.sysTASK_LowPrioTask
                0x000058f4       0x28 .\libandessta.a(task.o)
                0x000058f4                sysTASK_LowPrioTask
 .text.sysTASK_DeassertSignal
                0x0000591c       0x44 .\libandessta.a(task.o)
                0x0000591c                sysTASK_DeassertSignal
 .text.sysTASK_AssertSignal
                0x00005960       0x40 .\libandessta.a(task.o)
                0x00005960                sysTASK_AssertSignal
 .text.apiInitListEntry
                0x000059a0        0x8 .\libandessta.a(list.o)
                0x000059a0                apiInitListEntry
 .text.apiInsertListEntry
                0x000059a8        0xc .\libandessta.a(list.o)
                0x000059a8                apiInsertListEntry
 .text.apiInsertTailEntry
                0x000059b4       0x20 .\libandessta.a(list.o)
                0x000059b4                apiInsertTailEntry
 .text.apiRemoveHeadEntry
                0x000059d4       0x1c .\libandessta.a(list.o)
                0x000059d4                apiRemoveHeadEntry
 .text.apiRand  0x000059f0       0x1c .\libandessta.a(random.o)
                0x000059f0                apiRand
 .text.vprintf  0x00005a0c       0x24 .\libandessta.a(printf.o)
                0x00005a0c                vprintf
 .text.Printf_High
                0x00005a30       0x34 .\libandessta.a(printf.o)
                0x00005a30                Printf_High
 .text.vprintf_help
                0x00005a64       0x1c .\libandessta.a(printf.o)
 .text.malloc   0x00005a80       0x14 .\libandessta.a(stdlib.o)
                0x00005a80                malloc
 .text.free     0x00005a94       0x14 .\libandessta.a(stdlib.o)
                0x00005a94                free
 .text.strcmp   0x00005aa8       0x20 .\libandessta.a(strcmp.o)
                0x00005aa8                strcmp
 .text.strcpy   0x00005ac8       0x14 .\libandessta.a(strcpy.o)
                0x00005ac8                strcpy
 .text.strlen   0x00005adc       0x10 .\libandessta.a(strlen.o)
                0x00005adc                strlen
 .text.__toupper
                0x00005aec       0x1c .\libandessta.a(vsprintf.o)
 .text.simple_strtoul
                0x00005b08       0xe4 .\libandessta.a(vsprintf.o)
                0x00005b08                simple_strtoul
 .text.simple_strtol
                0x00005bec       0x2c .\libandessta.a(vsprintf.o)
                0x00005bec                simple_strtol
 .text.drvMCUCTL_IntrHdlr
                0x00005c18       0xc4 .\libandessta.a(mcuctl.o)
                0x00005c18                drvMCUCTL_IntrHdlr
 .text.sysDelayxu
                0x00005cdc       0x18 .\libandessta.a(mt7681_ChSw.o)
 .text.RF_READ  0x00005cf4       0xb8 .\libandessta.a(mt7681_ChSw.o)
                0x00005cf4                RF_READ
 .text.RF_WRITE
                0x00005dac       0x84 .\libandessta.a(mt7681_ChSw.o)
                0x00005dac                RF_WRITE
 .text.RF_WRITE8
                0x00005e30       0x20 .\libandessta.a(mt7681_ChSw.o)
                0x00005e30                RF_WRITE8
 .text.BBP_READ
                0x00005e50       0x78 .\libandessta.a(mt7681_ChSw.o)
                0x00005e50                BBP_READ
 .text.BBP_WRITE
                0x00005ec8       0x54 .\libandessta.a(mt7681_ChSw.o)
                0x00005ec8                BBP_WRITE
 .text.Config_ChannelInfo
                0x00005f1c       0x54 .\libandessta.a(mt7681_ChSw.o)
                0x00005f1c                Config_ChannelInfo
 .text.CaliPeriodExec
                0x00005f70       0x40 .\libandessta.a(mt7681_ChSw.o)
                0x00005f70                CaliPeriodExec
 .text.T.215    0x00005fb0       0x58 .\libandessta.a(mt7681_ChSw.o)
 .text.drvPBF_IntHdler
                0x00006008       0x18 .\libandessta.a(wifi_ps.o)
                0x00006008                drvPBF_IntHdler
 .text.PMU_Ctrl
                0x00006020      0x5b4 .\libandessta.a(wifi_ps.o)
                0x00006020                PMU_Ctrl
 .text.LowPower
                0x000065d4       0xa0 .\libandessta.a(wifi_ps.o)
                0x000065d4                LowPower
 .text.GetQueueInfo
                0x00006674        0xc .\libandessta.a(wifi_task.o)
                0x00006674                GetQueueInfo
 .text.GetFceIntStat
                0x00006680        0xc .\libandessta.a(wifi_task.o)
                0x00006680                GetFceIntStat
 .text.GetMsTimer
                0x0000668c        0xc .\libandessta.a(wifi_task.o)
                0x0000668c                GetMsTimer
 .text.StorePhyMode
                0x00006698        0xc .\libandessta.a(wifi_task.o)
                0x00006698                StorePhyMode
 .text.GetClearFrameFlag
                0x000066a4        0xc .\libandessta.a(wifi_task.o)
                0x000066a4                GetClearFrameFlag
 .text.handle_FCE_interrupt
                0x000066b0       0x64 .\libandessta.a(wifi_task.o)
                0x000066b0                handle_FCE_interrupt
 .text.BtoH     0x00006714       0x34 .\libandessta.a(cmm_wep.o)
                0x00006714                BtoH
 .text.AtoH     0x00006748       0x44 .\libandessta.a(cmm_wep.o)
                0x00006748                AtoH
 .text.drvGPIO_IntHdler
                0x0000678c       0x44 .\libandessta.a(led.o)
                0x0000678c                drvGPIO_IntHdler
 .text.T.3      0x000067d0       0x48 .\libandessta.a(led.o)
 .text.do_printf
                0x00006818      0x2e8 .\libandessta.a(do_printf.o)
                0x00006818                do_printf
 .text.fputc    0x00006b00       0x2c .\libandessta.a(fputs.o)
                0x00006b00                fputc
 .text.putchar  0x00006b2c       0x1c .\libandessta.a(fputs.o)
                0x00006b2c                putchar
                0x00006b50                . = ALIGN (0x10)
                0x00006b50                STACK_SECT_VMA = .

.STACK          0x00006b50      0x800
                0x00006b50                PROVIDE (_STACK_START, .)
 *(.stack)
 .stack         0x00006b50      0x800 .\libandessta.a(stack.o)
                0x00006b50                sysStack
                0x00007350                PROVIDE (_STACK_END, .)
                0x00007350                . = ALIGN (0x10)
                0x00007350                DATA_SECT_VMA = .

.DATA           0x00007350      0xfec
 *(.rodata)
 *(.rodata.*)
 .rodata.str1.4
                0x00007350       0xba obj/sta/iot_at_cmd.o
                                 0xbc (size before relaxing)
 *fill*         0x0000740a        0x2 00000000
 .rodata.str1.4
                0x0000740c       0x95 obj/sta/iot_custom.o
                                 0x98 (size before relaxing)
 *fill*         0x000074a1        0x3 00000000
 .rodata.cst4   0x000074a4        0x4 obj/sta/iot_uart_rb.o
 .rodata.str1.4
                0x000074a8      0x1da obj/sta/ZC_Adpter/zc_mt7681_adapter.o
                                0x1dc (size before relaxing)
 *fill*         0x00007682        0x2 00000000
 .rodata.C.9.3631
                0x00007684        0x4 obj/sta/ZC_Adpter/zc_mt7681_adapter.o
 .rodata.str1.4
                0x00007688       0xb3 obj/sta/ZC/src/zc/zc_common.o
                                 0xb4 (size before relaxing)
 *fill*         0x0000773b        0x1 00000000
 .rodata.str1.4
                0x0000773c       0x12 obj/sta/ZC/src/zc/zc_configuration.o
                                 0x14 (size before relaxing)
 *fill*         0x0000774e        0x2 00000000
 .rodata.str1.4
                0x00007750       0x18 obj/sta/ZC/src/zc/zc_message_queue.o
 .rodata.str1.4
                0x00007768      0x248 obj/sta/ZC/src/zc/zc_protocol_controller.o
 .rodata.str1.4
                0x000079b0       0x80 obj/sta/ZC/src/zc/zc_sec_engine.o
 .rodata.C.9.1863
                0x00007a30        0x8 obj/sta/ZC/src/zc/zc_sec_engine.o
 .rodata.str1.4
                0x00007a38       0x39 obj/sta/ZC/src/zc/zc_timer.o
                                 0x3c (size before relaxing)
 *fill*         0x00007a71        0x3 00000000
 .rodata.str1.4
                0x00007a74      0x117 obj/sta/iot_aes_pub.o
                                0x118 (size before relaxing)
 *fill*         0x00007b8b        0x1 00000000
 .rodata.str1.4
                0x00007b8c        0x7 obj/sta/iot_at_cmd_utility.o
                                  0x8 (size before relaxing)
 *fill*         0x00007b93        0x1 00000000
 .rodata.str1.4
                0x00007b94        0x9 obj/sta/iot_xmodem.o
                                  0xc (size before relaxing)
 *fill*         0x00007b9d        0x3 00000000
 .rodata.C.25.2941
                0x00007ba0        0x8 obj/sta/iot_xmodem.o
 .rodata.str1.4
                0x00007ba8       0xa6 obj/sta/spi-flash_pub.o
                                 0xac (size before relaxing)
 *fill*         0x00007c4e        0x2 00000000
 .rodata.C.8.3168
                0x00007c50        0x4 obj/sta/spi-flash_pub.o
 .rodata.xid    0x00007c54        0x4 obj/sta/tcpip/dhcpc.o
 .rodata.magic_cookie
                0x00007c58        0x4 obj/sta/tcpip/dhcpc.o
 .rodata.str1.4
                0x00007c5c       0x30 obj/sta/tcpip/tcpip_main.o
 .rodata.broadcast_ethaddr
                0x00007c8c        0x8 obj/sta/tcpip/uip_arp.o
 .rodata.str1.4
                0x00007c94       0x2b .\libandessta.a(xip_ovly.o)
                                 0x2c (size before relaxing)
 *fill*         0x00007cbf        0x1 00000000
 .rodata.C.2.5843
                0x00007cc0       0x10 .\libandessta.a(app_nos_main.o)
 .rodata.str1.4
                0x00007cd0       0x14 .\libandessta.a(assoc.o)
 .rodata.__FUNCTION__.4345
                0x00007ce4       0x10 .\libandessta.a(assoc.o)
 .rodata.str1.4
                0x00007cf4       0x4b .\libandessta.a(chip_init.o)
                                 0x58 (size before relaxing)
 *fill*         0x00007d3f        0x1 00000000
 .rodata.C.24.4502
                0x00007d40        0xc .\libandessta.a(cmm_wpa.o)
 .rodata.C.21.4442
                0x00007d4c       0x18 .\libandessta.a(cmm_wpa.o)
 .rodata.cst4   0x00007d64        0x4 .\libandessta.a(crypt_aes.o)
                                  0x8 (size before relaxing)
 .rodata.aes_mul_2
                0x00007d68      0x100 .\libandessta.a(crypt_aes.o)
 .rodata.aes_mul_3
                0x00007e68      0x100 .\libandessta.a(crypt_aes.o)
 .rodata.str1.4
                0x00007f68        0xb .\libandessta.a(scan.o)
                                  0xc (size before relaxing)
 *fill*         0x00007f73        0x1 00000000
 .rodata.str1.4
                0x00007f74        0x5 .\libandessta.a(bsp.o)
                                  0x8 (size before relaxing)
 *fill*         0x00007f79        0x3 00000000
 .rodata.str1.4
                0x00007f7c       0x37 .\libandessta.a(ee_efuse.o)
                                 0x38 (size before relaxing)
 *fill*         0x00007fb3        0x1 00000000
 .rodata.MT7681_Frequency_Plan
                0x00007fb4       0x48 .\libandessta.a(mt7681_ChSw.o)
 .rodata.str1.4
                0x00007ffc       0x48 .\libandessta.a(wifi_task.o)
                0x00008050                . = ALIGN (0x10)
 *fill*         0x00008044        0xc 00000000
 *(.data)
 *(.data.*)
 .data.Com_Cfg  0x00008050       0x2c obj/sta/iot_custom.o
                0x00008050                Com_Cfg
 .data.bSpecAP  0x0000807c        0x1 obj/sta/iot_custom.o
                0x0000807c                bSpecAP
 .data.PRINT_FLAG
                0x0000807d        0x1 obj/sta/iot_custom.o
                0x0000807d                PRINT_FLAG
 *fill*         0x0000807e        0x2 00000000
 .data.ATCmdPrefixAT
                0x00008080        0x4 obj/sta/iot_uart_rb.o
                0x00008080                ATCmdPrefixAT
 .data.ATCmdPrefixIW
                0x00008084        0xc obj/sta/iot_uart_rb.o
                0x00008084                ATCmdPrefixIW
 .data.AtCmdPrefixMsg
                0x00008090        0x4 obj/sta/iot_uart_rb.o
                0x00008090                AtCmdPrefixMsg
 .data.gCurrentAddress
                0x00008094        0x8 obj/sta/wifi_task_pub.o
                0x00008094                gCurrentAddress
 .data.BCAST_ADDR
                0x0000809c        0x8 obj/sta/wifi_task_pub.o
                0x0000809c                BCAST_ADDR
 .data.endquery.1371
                0x000080a4        0x8 obj/sta/tcpip/resolv.o
 .data.g_u8ModuleKey
                0x000080ac       0x70 obj/sta/ZC_Adpter/zc_mt7681_adapter.o
                0x000080ac                g_u8ModuleKey
 .data.g_u8DefaultCloudKey
                0x0000811c       0x24 obj/sta/ZC/src/zc/zc_configuration.o
                0x0000811c                g_u8DefaultCloudKey
 .data.g_u8DefaultTokenKey
                0x00008140       0x10 obj/sta/ZC/src/zc/zc_configuration.o
                0x00008140                g_u8DefaultTokenKey
 .data.optind   0x00008150        0x2 obj/sta/iot_at_cmd_utility.o
                0x00008150                optind
 .data.opterr   0x00008152        0x1 obj/sta/iot_at_cmd_utility.o
                0x00008152                opterr
 *fill*         0x00008153        0x1 00000000
 .data.SNAP_802_1H
                0x00008154        0x8 obj/sta/iot_uplink.o
                0x00008154                SNAP_802_1H
 .data.SNAP_BRIDGE_TUNNEL
                0x0000815c        0x8 obj/sta/iot_uplink.o
                0x0000815c                SNAP_BRIDGE_TUNNEL
 .data.EAPOL    0x00008164        0x4 obj/sta/iot_uplink.o
                0x00008164                EAPOL
 .data.hostname
                0x00008168        0x8 obj/sta/tcpip/dhcpc.o
 .data.cli_fd   0x00008170        0x4 obj/sta/tcpip/tcpip_main.o
                0x00008170                cli_fd
 .data.uip_ethaddr
                0x00008174        0x8 obj/sta/tcpip/uip.o
                0x00008174                uip_ethaddr
 .data.OUI_WPA_NONE_AKM
                0x0000817c        0x4 .\libandessta.a(cmm_wpa.o)
                0x0000817c                OUI_WPA_NONE_AKM
 .data.OUI_WPA_VERSION
                0x00008180        0x4 .\libandessta.a(cmm_wpa.o)
                0x00008180                OUI_WPA_VERSION
 .data.OUI_WPA_TKIP
                0x00008184        0x4 .\libandessta.a(cmm_wpa.o)
                0x00008184                OUI_WPA_TKIP
 .data.OUI_WPA_CCMP
                0x00008188        0x4 .\libandessta.a(cmm_wpa.o)
                0x00008188                OUI_WPA_CCMP
 .data.OUI_WPA_8021X_AKM
                0x0000818c        0x4 .\libandessta.a(cmm_wpa.o)
                0x0000818c                OUI_WPA_8021X_AKM
 .data.OUI_WPA_PSK_AKM
                0x00008190        0x4 .\libandessta.a(cmm_wpa.o)
                0x00008190                OUI_WPA_PSK_AKM
 .data.OUI_WPA2
                0x00008194        0x4 .\libandessta.a(cmm_wpa.o)
                0x00008194                OUI_WPA2
 .data.OUI_WPA2_TKIP
                0x00008198        0x4 .\libandessta.a(cmm_wpa.o)
                0x00008198                OUI_WPA2_TKIP
 .data.OUI_WPA2_CCMP
                0x0000819c        0x4 .\libandessta.a(cmm_wpa.o)
                0x0000819c                OUI_WPA2_CCMP
 .data.OUI_WPA2_8021X_AKM
                0x000081a0        0x4 .\libandessta.a(cmm_wpa.o)
                0x000081a0                OUI_WPA2_8021X_AKM
 .data.OUI_WPA2_PSK_AKM
                0x000081a4        0x4 .\libandessta.a(cmm_wpa.o)
                0x000081a4                OUI_WPA2_PSK_AKM
 .data.g_tx_pkt_id
                0x000081a8        0x1 .\libandessta.a(rtmp_data.o)
 *fill*         0x000081a9        0x3 00000000
 .data.Full_ChannelList
                0x000081ac       0x28 .\libandessta.a(scan.o)
                0x000081ac                Full_ChannelList
 .data.Full_ChannelList_Size
                0x000081d4        0x1 .\libandessta.a(scan.o)
                0x000081d4                Full_ChannelList_Size
 .data.HtCapIe  0x000081d5        0x1 .\libandessta.a(scan.o)
                0x000081d5                HtCapIe
 *fill*         0x000081d6        0x2 00000000
 .data.WPA_OUI  0x000081d8        0x4 .\libandessta.a(scan.o)
                0x000081d8                WPA_OUI
 .data.RSN_OUI  0x000081dc        0x4 .\libandessta.a(scan.o)
                0x000081dc                RSN_OUI
 .data.WPS_OUI  0x000081e0        0x4 .\libandessta.a(scan.o)
                0x000081e0                WPS_OUI
 .data.sysXcptVctr
                0x000081e4       0x40 .\libandessta.a(xcpt.o)
 .data.Random   0x00008224        0x4 .\libandessta.a(random.o)
 .data.SupRateIe
                0x00008228        0x1 .\libandessta.a(mt7681_ChSw.o)
                0x00008228                SupRateIe
 .data.ExtRateIe
                0x00008229        0x1 .\libandessta.a(mt7681_ChSw.o)
                0x00008229                ExtRateIe
 *fill*         0x0000822a        0x2 00000000
 .data.WME_PARM_ELEM
                0x0000822c        0x8 .\libandessta.a(mt7681_ChSw.o)
                0x0000822c                WME_PARM_ELEM
 .data.SSID_TMP
                0x00008234        0x4 .\libandessta.a(wifi_task.o)
                0x00008234                SSID_TMP
 .data.RTDebugLevel
                0x00008238        0x1 .\libandessta.a(wifi_task.o)
                0x00008238                RTDebugLevel
 *fill*         0x00008239        0x3 00000000
 .data._ctype   0x0000823c      0x100 .\libandessta.a(ctype.o)
                0x0000823c                _ctype
                0x0000833c                . = ALIGN (0x4)

FW_VERSION_TAG  0x0000833c        0xc
 *(FW_VERSION_TAG)
 FW_VERSION_TAG
                0x0000833c        0xc .\libandessta.a(bsp.o)
                0x0000833c                gVersionTag
                0x00008348                __tag_end = .

.ovlysec0       0x00008348      0xf94 load address 0x0053f000
 .ovlysec0      0x00008348      0xf94 obj/sta/tcpip/uip.o
                0x00008348                _uip_process
                0x0053f000                PROVIDE (__load_start_ovlysec0, LOADADDR (.ovlysec0))
                0x0053ff94                PROVIDE (__load_stop_ovlysec0, (LOADADDR (.ovlysec0) + SIZEOF (.ovlysec0)))

.ovlysec1       0x00008348        0x0 load address 0x0053ff94
                0x0053ff94                PROVIDE (__load_start_ovlysec1, LOADADDR (.ovlysec1))
                0x0053ff94                PROVIDE (__load_stop_ovlysec1, (LOADADDR (.ovlysec1) + SIZEOF (.ovlysec1)))

.ovlysec2       0x00008348      0x814 load address 0x0053ff94
 .ovlysec2      0x00008348      0x814 .\libandessta.a(chip_init.o)
                0x00008348                MACRegTable
                0x00008aa8                MT7681_RF_VGA_RegTb
                0x00008470                MT7681_MACRegTable
                0x000089f4                MT7681_RF_Channel_RegTb
                0x00008970                MT7681_RF_Central_RegTb
                0x000084c0                MT7681_BBP_InitRegTb
                0x000084a0                BBPRegTable
                0x0053ff94                PROVIDE (__load_start_ovlysec2, LOADADDR (.ovlysec2))
                0x005407a8                PROVIDE (__load_stop_ovlysec2, (LOADADDR (.ovlysec2) + SIZEOF (.ovlysec2)))

.ovlysec3       0x00008348      0x480 load address 0x005407a8
 .ovlysec3      0x00008348      0x480 .\libandessta.a(scan.o)
                0x00008348                PeerBeaconAndProbeRspSanity
                0x005407a8                PROVIDE (__load_start_ovlysec3, LOADADDR (.ovlysec3))
                0x00540c28                PROVIDE (__load_stop_ovlysec3, (LOADADDR (.ovlysec3) + SIZEOF (.ovlysec3)))

.ovlysec4       0x00008348      0x43c load address 0x00540c28
 .ovlysec4      0x00008348      0x43c .\libandessta.a(smtcn.o)
                0x00008348                SMTCNRX_done
                0x00008534                _SMTCNParsingMulticast
                0x000083d0                _SMTCNGetInfo
                0x00540c28                PROVIDE (__load_start_ovlysec4, LOADADDR (.ovlysec4))
                0x00541064                PROVIDE (__load_stop_ovlysec4, (LOADADDR (.ovlysec4) + SIZEOF (.ovlysec4)))

.ovlysec5       0x00008348      0x594 load address 0x00541064
 .ovlysec5      0x00008348      0x594 .\libandessta.a(assoc.o)
                0x00008670                _MlmeAssocReqAction
                0x00008570                _PeerAssocRspAction
                0x00008348                PeerAssocRspSanity
                0x00008514                _PeerDisassocAction
                0x00541064                PROVIDE (__load_start_ovlysec5, LOADADDR (.ovlysec5))
                0x005415f8                PROVIDE (__load_stop_ovlysec5, (LOADADDR (.ovlysec5) + SIZEOF (.ovlysec5)))

.ovlysec6       0x00008348      0x1b4 load address 0x005415f8
 .ovlysec6      0x00008348      0x1b4 .\libandessta.a(auth.o)
                0x000083f8                _AUTH_ReqSend
                0x00008348                _MlmeAuthProcess
                0x005415f8                PROVIDE (__load_start_ovlysec6, LOADADDR (.ovlysec6))
                0x005417ac                PROVIDE (__load_stop_ovlysec6, (LOADADDR (.ovlysec6) + SIZEOF (.ovlysec6)))

.ovlysec7       0x00008348      0xe68 load address 0x005417ac
 .ovlysec7      0x00008348      0xe68 .\libandessta.a(cmm_wpa.o)
                0x00008564                _CalculateMIC
                0x00008704                _ConstructEapolMsg
                0x00008960                _WpaDeriveGTK
                0x00008a4c                _WpaDerivePTK
                0x00008f30                _PeerPairMsg3Action
                0x00008bdc                _PeerWpaMessageSanity
                0x00008e34                _PeerGroupMsg1Action
                0x00008348                _WPAInstallSharedKey
                0x00008414                _RTMPParseEapolKeyData
                0x00009060                _PeerPairMsg1Action
                0x00008638                _ConstructEapolKeyData
                0x005417ac                PROVIDE (__load_start_ovlysec7, LOADADDR (.ovlysec7))
                0x00542614                PROVIDE (__load_stop_ovlysec7, (LOADADDR (.ovlysec7) + SIZEOF (.ovlysec7)))

.ovlysec8       0x000092dc      0x438 load address 0x00542614
 .ovlysec8      0x000092dc      0x438 .\libandessta.a(scan.o)
                0x000092dc                _PeerBeaconAtScanAction
                0x00542614                PROVIDE (__load_start_ovlysec8, LOADADDR (.ovlysec8))
                0x00542a4c                PROVIDE (__load_stop_ovlysec8, (LOADADDR (.ovlysec8) + SIZEOF (.ovlysec8)))

.ovlysec9       0x000092dc      0x1f4 load address 0x00542a4c
 .ovlysec9      0x000092dc      0x1f4 obj/sta/tcpip/tcpip_main.o
                0x000092dc                _tcpip_init
                0x00542a4c                PROVIDE (__load_start_ovlysec9, LOADADDR (.ovlysec9))
                0x00542c40                PROVIDE (__load_stop_ovlysec9, (LOADADDR (.ovlysec9) + SIZEOF (.ovlysec9)))

.ovlysec10      0x000092dc      0x150 load address 0x00542c40
 .ovlysec10     0x000092dc      0x150 obj/sta/tcpip/dhcpc.o
                0x000092dc                _handle_dhcp
                0x00542c40                PROVIDE (__load_start_ovlysec10, LOADADDR (.ovlysec10))
                0x00542d90                PROVIDE (__load_stop_ovlysec10, (LOADADDR (.ovlysec10) + SIZEOF (.ovlysec10)))

.ovlysec11      0x000092dc      0x178 load address 0x00542d90
 .ovlysec11     0x000092dc      0x178 .\libandessta.a(chip_init.o)
                0x00009328                wait_bbp_rf_wakeup
                0x00009364                NICInitMT7681BbpRegisters
                0x000093c8                NICInitMT7681RFRegisters
                0x000092dc                NICInitMT7681MacRegisters
                0x00542d90                PROVIDE (__load_start_ovlysec11, LOADADDR (.ovlysec11))
                0x00542f08                PROVIDE (__load_stop_ovlysec11, (LOADADDR (.ovlysec11) + SIZEOF (.ovlysec11)))
                0x00009714                . = ALIGN (0x4)

.nds32.ovly.tbl
                0x00009714       0xe0
                0x00009714                _ovly_table = .
                0x00009714        0x4 LONG 0x8348 ABSOLUTE (ADDR (.ovlysec0))
                0x00009718        0x4 LONG 0xf94 SIZEOF (.ovlysec0)
                0x0000971c        0x4 LONG 0x53f000 ABSOLUTE (LOADADDR (.ovlysec0))
                0x00009720        0x4 LONG 0x0
                0x00009724        0x4 LONG 0x8348 ABSOLUTE (ADDR (.ovlysec1))
                0x00009728        0x4 LONG 0x0 SIZEOF (.ovlysec1)
                0x0000972c        0x4 LONG 0x53ff94 ABSOLUTE (LOADADDR (.ovlysec1))
                0x00009730        0x4 LONG 0x0
                0x00009734        0x4 LONG 0x8348 ABSOLUTE (ADDR (.ovlysec2))
                0x00009738        0x4 LONG 0x814 SIZEOF (.ovlysec2)
                0x0000973c        0x4 LONG 0x53ff94 ABSOLUTE (LOADADDR (.ovlysec2))
                0x00009740        0x4 LONG 0x0
                0x00009744        0x4 LONG 0x8348 ABSOLUTE (ADDR (.ovlysec3))
                0x00009748        0x4 LONG 0x480 SIZEOF (.ovlysec3)
                0x0000974c        0x4 LONG 0x5407a8 ABSOLUTE (LOADADDR (.ovlysec3))
                0x00009750        0x4 LONG 0x0
                0x00009754        0x4 LONG 0x8348 ABSOLUTE (ADDR (.ovlysec4))
                0x00009758        0x4 LONG 0x43c SIZEOF (.ovlysec4)
                0x0000975c        0x4 LONG 0x540c28 ABSOLUTE (LOADADDR (.ovlysec4))
                0x00009760        0x4 LONG 0x0
                0x00009764        0x4 LONG 0x8348 ABSOLUTE (ADDR (.ovlysec5))
                0x00009768        0x4 LONG 0x594 SIZEOF (.ovlysec5)
                0x0000976c        0x4 LONG 0x541064 ABSOLUTE (LOADADDR (.ovlysec5))
                0x00009770        0x4 LONG 0x0
                0x00009774        0x4 LONG 0x8348 ABSOLUTE (ADDR (.ovlysec6))
                0x00009778        0x4 LONG 0x1b4 SIZEOF (.ovlysec6)
                0x0000977c        0x4 LONG 0x5415f8 ABSOLUTE (LOADADDR (.ovlysec6))
                0x00009780        0x4 LONG 0x0
                0x00009784        0x4 LONG 0x8348 ABSOLUTE (ADDR (.ovlysec7))
                0x00009788        0x4 LONG 0xe68 SIZEOF (.ovlysec7)
                0x0000978c        0x4 LONG 0x5417ac ABSOLUTE (LOADADDR (.ovlysec7))
                0x00009790        0x4 LONG 0x0
                0x00009794        0x4 LONG 0x92dc ABSOLUTE (ADDR (.ovlysec8))
                0x00009798        0x4 LONG 0x438 SIZEOF (.ovlysec8)
                0x0000979c        0x4 LONG 0x542614 ABSOLUTE (LOADADDR (.ovlysec8))
                0x000097a0        0x4 LONG 0x1
                0x000097a4        0x4 LONG 0x92dc ABSOLUTE (ADDR (.ovlysec9))
                0x000097a8        0x4 LONG 0x1f4 SIZEOF (.ovlysec9)
                0x000097ac        0x4 LONG 0x542a4c ABSOLUTE (LOADADDR (.ovlysec9))
                0x000097b0        0x4 LONG 0x1
                0x000097b4        0x4 LONG 0x92dc ABSOLUTE (ADDR (.ovlysec10))
                0x000097b8        0x4 LONG 0x150 SIZEOF (.ovlysec10)
                0x000097bc        0x4 LONG 0x542c40 ABSOLUTE (LOADADDR (.ovlysec10))
                0x000097c0        0x4 LONG 0x1
                0x000097c4        0x4 LONG 0x92dc ABSOLUTE (ADDR (.ovlysec11))
                0x000097c8        0x4 LONG 0x178 SIZEOF (.ovlysec11)
                0x000097cc        0x4 LONG 0x542d90 ABSOLUTE (LOADADDR (.ovlysec11))
                0x000097d0        0x4 LONG 0x1
                0x000097d4                _novlys = .
                0x000097d4        0x4 LONG 0xc ((_novlys - _ovly_table) / 0x10)
                0x000097d8                . = ALIGN (0x8)
                0x000097d8                _ovly_ram_table = .
                0x000097d8        0x4 LONG 0x0
                0x000097dc        0x4 LONG 0xffffffff
                0x000097e0        0x4 LONG 0x0
                0x000097e4        0x4 LONG 0x1
                0x000097e8        0x4 LONG 0xffffffff
                0x000097ec        0x4 LONG 0x0
                0x000097f0                _novlyr = .
                0x000097f0        0x4 LONG 0x2 ((_novlyr - _ovly_ram_table) / 0xc)
                0x00009800                . = ALIGN (0x10)
                0x00009800                BSS_SECT_VMA = .

.BSS            0x00009800     0x5ecc
                0x00009800                PROVIDE (_BSS_START, .)
 *(.sbss)
 *(.sbss.*)
 *(.scommon)
 *(.scommon.*)
 *(.sbss_w)
 .sbss_w        0x00009800        0x8 obj/sta/wifi_task_pub.o
                0x00009800                pIoTMlme
                0x00009804                pIoTStaCfg
 .sbss_w        0x00009808        0x4 obj/sta/ZC/src/zc/zc_bc.o
                0x00009808                g_u32GloablIp
 .sbss_w        0x0000980c       0x10 obj/sta/tcpip/uip.o
                0x00009818                uip_sappdata
                0x0000980c                uip_udp_conn
                0x00009810                uip_appdata
                0x00009814                uip_conn
 .sbss_w        0x0000981c        0x4 .\libandessta.a(bsp.o)
                0x0000981c                __OS_Heap_Start
 *(.sbss_w.*)
 *(.sbss_h)
 .sbss_h        0x00009820        0x6 obj/sta/ZC_Adpter/zc_mt7681_adapter.o
                0x00009820                g_u16TcpMss
                0x00009824                g_u16LocalListenPort
                0x00009822                g_u16LocalPort
 .sbss_h        0x00009826        0x6 obj/sta/tcpip/uip.o
                0x00009826                uip_len
                0x0000982a                ipid
                0x00009828                uip_slen
 *(.sbss_h.*)
 *(.sbss_b)
 .sbss_b        0x0000982c        0x1 obj/sta/tcpip/uip.o
                0x0000982c                uip_flags
 .sbss_b        0x0000982d        0x1 .\libandessta.a(iot_priv.o)
                0x0000982d                bXmodelStart
 *(.sbss_b.*)
                0x00009830                . = ALIGN (0x10)
 *fill*         0x0000982e        0x2 00000000
 *(.bss)
 *(.bss.*)
 .bss.Usr_Cfg   0x00009830      0x128 obj/sta/iot_custom.o
                0x00009830                Usr_Cfg
 .bss.gCaliFrEfuse
                0x00009958        0x1 obj/sta/iot_custom.o
                0x00009958                gCaliFrEfuse
 .bss.UART_TX_POLL_ENABLE
                0x00009959        0x1 obj/sta/iot_custom.o
                0x00009959                UART_TX_POLL_ENABLE
 .bss.MsgLen.3044
                0x0000995a        0x2 obj/sta/iot_uart_rb.o
 .bss.LastCh.3043
                0x0000995c        0x1 obj/sta/iot_uart_rb.o
 .bss.MsgMatchNum.3042
                0x0000995d        0x1 obj/sta/iot_uart_rb.o
 .bss.IWMatchNum.3041
                0x0000995e        0x1 obj/sta/iot_uart_rb.o
 .bss.ATMatchNum.3040
                0x0000995f        0x1 obj/sta/iot_uart_rb.o
 .bss.gSmnted   0x00009960        0x1 obj/sta/wifi_task_pub.o
                0x00009960                gSmnted
 *fill*         0x00009961        0x3 00000000
 .bss.PreTime.2590
                0x00009964        0x4 obj/sta/wifi_task_pub.o
 .bss.i.1547    0x00009968        0x1 obj/sta/tcpip/resolv.o
 *fill*         0x00009969        0x3 00000000
 .bss.resolv_conn
                0x0000996c        0x4 obj/sta/tcpip/resolv.o
 .bss.i.1512    0x00009970        0x1 obj/sta/tcpip/resolv.o
 .bss.lseqi.1483
                0x00009971        0x1 obj/sta/tcpip/resolv.o
 .bss.lseq.1482
                0x00009972        0x1 obj/sta/tcpip/resolv.o
 .bss.i.1481    0x00009973        0x1 obj/sta/tcpip/resolv.o
 .bss.i.1420    0x00009974        0x2 obj/sta/tcpip/resolv.o
 .bss.nanswers.1419
                0x00009976        0x2 obj/sta/tcpip/resolv.o
 .bss.nquestions.1418
                0x00009978        0x2 obj/sta/tcpip/resolv.o
 .bss.n.1363    0x0000997a        0x1 obj/sta/tcpip/resolv.o
 .bss.i.1362    0x0000997b        0x1 obj/sta/tcpip/resolv.o
 .bss.names     0x0000997c       0x2c obj/sta/tcpip/resolv.o
 .bss.seqno     0x000099a8        0x1 obj/sta/tcpip/resolv.o
 .bss.g_u8ClientSendLen
                0x000099a9        0x1 obj/sta/ZC_Adpter/zc_mt7681_adapter.o
                0x000099a9                g_u8ClientSendLen
 *fill*         0x000099aa        0x2 00000000
 .bss.g_u32BcSleepCount
                0x000099ac        0x4 obj/sta/ZC_Adpter/zc_mt7681_adapter.o
                0x000099ac                g_u32BcSleepCount
 .bss.g_Bcfd    0x000099b0        0x4 obj/sta/ZC/src/zc/zc_bc.o
                0x000099b0                g_Bcfd
 .bss.g_pu8RemoteAddr
                0x000099b4        0x4 obj/sta/ZC/src/zc/zc_bc.o
                0x000099b4                g_pu8RemoteAddr
 .bss.sleepcount.1759
                0x000099b8        0x4 obj/sta/ZC/src/zc/zc_bc.o
 .bss.optarg    0x000099bc        0x4 obj/sta/iot_at_cmd_utility.o
                0x000099bc                optarg
 .bss.pIndexPosition.1213
                0x000099c0        0x4 obj/sta/iot_at_cmd_utility.o
 .bss.last_error
                0x000099c4        0x4 obj/sta/iot_xmodem.o
 .bss.gCPULowClok
                0x000099c8        0x4 obj/sta/misc_pub.o
                0x000099c8                gCPULowClok
 .bss.s         0x000099cc       0x34 obj/sta/tcpip/dhcpc.o
 .bss.ss        0x00009a00        0x4 obj/sta/tcpip/sample_resolv_usage.o
 .bss.iss       0x00009a04        0x4 obj/sta/tcpip/uip.o
 .bss.lastport  0x00009a08        0x2 obj/sta/tcpip/uip.o
 .bss.c         0x00009a0a        0x1 obj/sta/tcpip/uip.o
 .bss.opt       0x00009a0b        0x1 obj/sta/tcpip/uip.o
 .bss.tmp16     0x00009a0c        0x2 obj/sta/tcpip/uip.o
 *fill*         0x00009a0e        0x2 00000000
 .bss.arp_table
                0x00009a10       0x60 obj/sta/tcpip/uip_arp.o
 .bss.ipaddr    0x00009a70        0x4 obj/sta/tcpip/uip_arp.o
 .bss.i         0x00009a74        0x1 obj/sta/tcpip/uip_arp.o
 .bss.c         0x00009a75        0x1 obj/sta/tcpip/uip_arp.o
 .bss.arptime   0x00009a76        0x1 obj/sta/tcpip/uip_arp.o
 .bss.tmpage    0x00009a77        0x1 obj/sta/tcpip/uip_arp.o
 .bss.BufMem1   0x00009a78     0x18d8 .\libandessta.a(queue.o)
 .bss.BufDesc1  0x0000b350       0x90 .\libandessta.a(queue.o)
 .bss.eepcfg    0x0000b3e0       0x44 .\libandessta.a(chip_init.o)
                0x0000b3e0                eepcfg
 .bss.gSequence
                0x0000b424        0x2 .\libandessta.a(rtmp_data.o)
                0x0000b424                gSequence
 *fill*         0x0000b426        0x2 00000000
 .bss.pfsm      0x0000b428      0x128 .\libandessta.a(smtcn.o)
 .bss.FceIntHdlr
                0x0000b550       0x80 .\libandessta.a(fce.o)
 .bss.jiffies   0x0000b5d0        0x4 .\libandessta.a(timer.o)
                0x0000b5d0                jiffies
 .bss.Timers_List
                0x0000b5d4        0x4 .\libandessta.a(timer.o)
                0x0000b5d4                Timers_List
 .bss.Timer_Start
                0x0000b5d8        0x4 .\libandessta.a(timer.o)
                0x0000b5d8                Timer_Start
 .bss.last_start_time
                0x0000b5dc        0x4 .\libandessta.a(timer.o)
                0x0000b5dc                last_start_time
 .bss.McuCtlIntHdlr
                0x0000b5e0       0x80 .\libandessta.a(mcuctl.o)
 .bss.SsidIe    0x0000b660        0x1 .\libandessta.a(mt7681_ChSw.o)
                0x0000b660                SsidIe
 *fill*         0x0000b661        0x3 00000000
 .bss.PreTime.5759
                0x0000b664        0x4 .\libandessta.a(mt7681_ChSw.o)
 .bss.PreBW.5623
                0x0000b668        0x1 .\libandessta.a(mt7681_ChSw.o)
 .bss.RF_ABB_R6_R7_IN_BW20
                0x0000b669        0x1 .\libandessta.a(mt7681_ChSw.o)
 .bss.RF_ABB_R58_R59_IN_BW20
                0x0000b66a        0x1 .\libandessta.a(mt7681_ChSw.o)
 .bss.RF_ABB_R6_R7_IN_BW40
                0x0000b66b        0x1 .\libandessta.a(mt7681_ChSw.o)
 .bss.RF_ABB_R58_R59_IN_BW40
                0x0000b66c        0x1 .\libandessta.a(mt7681_ChSw.o)
 *fill*         0x0000b66d        0x3 00000000
 .bss.PARAM_Info
                0x0000b670        0x4 .\libandessta.a(mt7681_ChSw.o)
 .bss.TxPWR     0x0000b674        0x4 .\libandessta.a(mt7681_ChSw.o)
 .bss.LNAGain   0x0000b678        0x4 .\libandessta.a(mt7681_ChSw.o)
 .bss.wakeup_from_grant
                0x0000b67c        0x1 .\libandessta.a(wifi_ps.o)
                0x0000b67c                wakeup_from_grant
 .bss.gPmuINT   0x0000b67d        0x1 .\libandessta.a(wifi_ps.o)
                0x0000b67d                gPmuINT
 .bss.gPmuAbort
                0x0000b67e        0x1 .\libandessta.a(wifi_ps.o)
                0x0000b67e                gPmuAbort
 *(COMMON)
 *fill*         0x0000b67f        0x1 00000000
 COMMON         0x0000b680      0x28d obj/sta/iot_custom.o
                0x0000b680                IoTCustOp
                0x0000b69c                IoTCustTimer
                0x0000b6b8                IoTpAd
 *fill*         0x0000b90d        0x3 00000000
 COMMON         0x0000b910      0x448 obj/sta/iot_uart_rb.o
                0x0000b910                uart_rb_info
                0x0000b91c                UARTPort
                0x0000ba34                UARTTxBuf
                0x0000ba74                uart_rb_addr
                0x0000bb58                UARTRxBuf
 COMMON         0x0000bd58      0x930 obj/sta/ZC_Adpter/zc_mt7681_adapter.o
                0x0000bd58                g_struClientBuffer
                0x0000bf08                g_struMtTimer
                0x0000bf40                g_struRecvBuffer
                0x0000c0f0                g_struMt7681Adapter
                0x0000c130                g_u8MsgBuildBuffer
                0x0000c2d8                g_u8DeviceId
                0x0000c2e8                g_struSendQueue
                0x0000c308                g_struRecvQueue
                0x0000c328                g_struRetxBuffer
                0x0000c4d8                g_struSendBuffer
 COMMON         0x0000c688     0x1868 obj/sta/ZC/src/tropicssl/bignum.o
                0x0000c688                O_T1
                0x0000c6e0                Y
                0x0000c738                O_RR
                0x0000c790                O_T
                0x0000c7e8                O_W
                0x0000dde8                O_T2
                0x0000de40                Z
                0x0000de98                X
 COMMON         0x0000def0      0x148 obj/sta/ZC/src/tropicssl/rsa.o
                0x0000def0                T2
                0x0000df48                T
                0x0000dfa0                T1
                0x0000dff8                buf
 COMMON         0x0000e038       0x28 obj/sta/ZC/src/zc/zc_client_manager.o
                0x0000e038                g_struClientInfo
 COMMON         0x0000e060      0x1b8 obj/sta/ZC/src/zc/zc_configuration.o
                0x0000e060                g_struRegisterInfo
                0x0000e0ec                g_struZcConfigDb
 COMMON         0x0000e218       0x8c obj/sta/ZC/src/zc/zc_protocol_controller.o
                0x0000e218                g_struProtocolController
 COMMON         0x0000e2a4       0x38 obj/sta/ZC/src/zc/zc_timer.o
                0x0000e2a4                g_struTimer
 COMMON         0x0000e2dc       0x18 obj/sta/tcpip/tcpip_main.o
                0x0000e2dc                arp_timer
                0x0000e2e4                periodic_timer
                0x0000e2ec                cli_timer
 COMMON         0x0000e2f4      0xcf4 obj/sta/tcpip/uip.o
                0x0000e2f4                uip_acc32
                0x0000e2f8                uip_conns
                0x0000ed08                uip_listenports
                0x0000ed10                uip_draddr
                0x0000ed14                uip_netmask
                0x0000ed18                uip_hostaddr
                0x0000ed1c                uip_buf
                0x0000ef78                uip_udp_conns
 COMMON         0x0000efe8        0x6 obj/sta/tcpip/uip_arp.o
                0x0000efe8                uip_sourceAddr
 *fill*         0x0000efee        0x2 00000000
 COMMON         0x0000eff0       0x14 .\libandessta.a(cnm_timer.o)
                0x0000eff0                rRootTimer
 COMMON         0x0000f004       0x5a .\libandessta.a(iot_io_cmd.o)
                0x0000f004                mt7681_PWMInfo
 *fill*         0x0000f05e        0x2 00000000
 COMMON         0x0000f060       0x10 .\libandessta.a(queue.o)
                0x0000f060                gFreeQueue1
 COMMON         0x0000f070      0x5f0 .\libandessta.a(app_nos_main.o)
                0x0000f070                pAd
 COMMON         0x0000f660       0x24 .\libandessta.a(timer.o)
                0x0000f660                System_Timer_Pool
                0x0000f674                Free_Timer_List
 COMMON         0x0000f684       0x34 .\libandessta.a(task.o)
                0x0000f684                sysTaskingCtl
 COMMON         0x0000f6b8       0x14 .\libandessta.a(wifi_ps.o)
                0x0000f6b8                AdvPSMode
                0x0000f6cc                . = ALIGN (0x4)
                0x0000f6cc                PROVIDE (_BSS_END, .)
                0x0000f6cc                __ilm_end = .
                0x0000f6e0                . = ALIGN (0x20)
                0x0000f6e0                _end = .
                0x0000f6e0                PROVIDE (_MEMORY_TOP, .)

.stab
 *(.stab)

.stabstr
 *(.stabstr)

.stab.excl
 *(.stab.excl)

.stab.exclstr
 *(.stab.exclstr)

.stab.index
 *(.stab.index)

.stab.indexstr
 *(.stab.indexstr)

.comment        0x00000000      0x915
 *(.comment)
 .comment       0x00000000       0x19 obj/sta/iot_at_cmd.o
 .comment       0x00000019       0x19 obj/sta/iot_custom.o
 .comment       0x00000032       0x19 obj/sta/iot_uart_rb.o
 .comment       0x0000004b       0x19 obj/sta/mt7681_ChSw_pub.o
 .comment       0x00000064       0x19 obj/sta/wifi_task_pub.o
 .comment       0x0000007d       0x19 obj/sta/tcpip/resolv.o
 .comment       0x00000096       0x19 obj/sta/ZC_Adpter/zc_mt7681_adapter.o
 .comment       0x000000af       0x19 obj/sta/ZC/src/tropicssl/bignum.o
 .comment       0x000000c8       0x19 obj/sta/ZC/src/tropicssl/rsa.o
 .comment       0x000000e1       0x19 obj/sta/ZC/src/zc/zc_bc.o
 .comment       0x000000fa       0x19 obj/sta/ZC/src/zc/zc_client_manager.o
 .comment       0x00000113       0x19 obj/sta/ZC/src/zc/zc_cloud_event.o
 .comment       0x0000012c       0x19 obj/sta/ZC/src/zc/zc_common.o
 .comment       0x00000145       0x19 obj/sta/ZC/src/zc/zc_configuration.o
 .comment       0x0000015e       0x19 obj/sta/ZC/src/zc/zc_message_queue.o
 .comment       0x00000177       0x19 obj/sta/ZC/src/zc/zc_moudle_manager.o
 .comment       0x00000190       0x19 obj/sta/ZC/src/zc/zc_protocol_controller.o
 .comment       0x000001a9       0x19 obj/sta/ZC/src/zc/zc_sec_engine.o
 .comment       0x000001c2       0x19 obj/sta/ZC/src/zc/zc_timer.o
 .comment       0x000001db       0x19 obj/sta/iot_aes_pub.o
 .comment       0x000001f4       0x19 obj/sta/iot_at_cmd_utility.o
 .comment       0x0000020d       0x19 obj/sta/iot_custom_uart2wifi.o
 .comment       0x00000226       0x19 obj/sta/iot_uplink.o
 .comment       0x0000023f       0x19 obj/sta/iot_xmodem.o
 .comment       0x00000258       0x19 obj/sta/main_pub.o
 .comment       0x00000271       0x19 obj/sta/misc_pub.o
 .comment       0x0000028a       0x19 obj/sta/rtmp_data_pub.o
 .comment       0x000002a3       0x19 obj/sta/spi-flash_pub.o
 .comment       0x000002bc       0x19 obj/sta/tcpip/clock-arch.o
 .comment       0x000002d5       0x19 obj/sta/tcpip/dhcpc.o
 .comment       0x000002ee       0x19 obj/sta/tcpip/dhcpd.o
 .comment       0x00000307       0x19 obj/sta/tcpip/iot_tcp_app.o
 .comment       0x00000320       0x19 obj/sta/tcpip/iot_udp_app.o
 .comment       0x00000339       0x19 obj/sta/tcpip/mt76xx_dev.o
 .comment       0x00000352       0x19 obj/sta/tcpip/sample_resolv_usage.o
 .comment       0x0000036b       0x19 obj/sta/tcpip/tcpip_main.o
 .comment       0x00000384       0x19 obj/sta/tcpip/uip-neighbor.o
 .comment       0x0000039d       0x19 obj/sta/tcpip/uip-split.o
 .comment       0x000003b6       0x19 obj/sta/tcpip/uip.o
 .comment       0x000003cf       0x19 obj/sta/tcpip/uip_arp.o
 .comment       0x000003e8       0x19 obj/sta/tcpip/uip_timer.o
 .comment       0x00000401       0x19 obj/sta/tcpip/uiplib.o
 .comment       0x0000041a       0x19 .\libandessta.a(xip_ovly.o)
 .comment       0x00000433       0x19 .\libandessta.a(cnm_timer.o)
 .comment       0x0000044c       0x19 .\libandessta.a(iot_io_cmd.o)
 .comment       0x00000465       0x19 .\libandessta.a(iot_mgmt_cmd.o)
 .comment       0x0000047e       0x19 .\libandessta.a(iot_priv.o)
 .comment       0x00000497       0x19 .\libandessta.a(queue.o)
 .comment       0x000004b0       0x19 .\libandessta.a(app_nos_main.o)
 .comment       0x000004c9       0x19 .\libandessta.a(assoc.o)
 .comment       0x000004e2       0x19 .\libandessta.a(auth.o)
 .comment       0x000004fb       0x19 .\libandessta.a(chip_init.o)
 .comment       0x00000514       0x19 .\libandessta.a(cmm_wpa.o)
 .comment       0x0000052d       0x19 .\libandessta.a(crypt_aes.o)
 .comment       0x00000546       0x19 .\libandessta.a(crypt_hmac.o)
 .comment       0x0000055f       0x19 .\libandessta.a(rtmp_data.o)
 .comment       0x00000578       0x19 .\libandessta.a(rtmp_general.o)
 .comment       0x00000591       0x19 .\libandessta.a(scan.o)
 .comment       0x000005aa       0x19 .\libandessta.a(smtcn.o)
 .comment       0x000005c3       0x19 .\libandessta.a(wow.o)
 .comment       0x000005dc       0x19 .\libandessta.a(bsp.o)
 .comment       0x000005f5       0x19 .\libandessta.a(ee_efuse.o)
 .comment       0x0000060e       0x19 .\libandessta.a(fce.o)
 .comment       0x00000627       0x19 .\libandessta.a(pdma.o)
 .comment       0x00000640       0x19 .\libandessta.a(spi-flash.o)
 .comment       0x00000659       0x19 .\libandessta.a(timer.o)
 .comment       0x00000672       0x19 .\libandessta.a(uart.o)
 .comment       0x0000068b       0x19 .\libandessta.a(uartlite.o)
 .comment       0x000006a4       0x19 .\libandessta.a(main.o)
 .comment       0x000006bd       0x19 .\libandessta.a(xcpt.o)
 .comment       0x000006d6       0x19 .\libandessta.a(initial.o)
 .comment       0x000006ef       0x19 .\libandessta.a(mutex.o)
 .comment       0x00000708       0x19 .\libandessta.a(stack.o)
 .comment       0x00000721       0x19 .\libandessta.a(syscall.o)
 .comment       0x0000073a       0x19 .\libandessta.a(task.o)
 .comment       0x00000753       0x19 .\libandessta.a(list.o)
 .comment       0x0000076c       0x19 .\libandessta.a(random.o)
 .comment       0x00000785       0x19 .\libandessta.a(printf.o)
 .comment       0x0000079e       0x19 .\libandessta.a(stdlib.o)
 .comment       0x000007b7       0x19 .\libandessta.a(strcmp.o)
 .comment       0x000007d0       0x19 .\libandessta.a(strcpy.o)
 .comment       0x000007e9       0x19 .\libandessta.a(strlen.o)
 .comment       0x00000802       0x19 .\libandessta.a(vsprintf.o)
 .comment       0x0000081b       0x19 .\libandessta.a(mcuctl.o)
 .comment       0x00000834       0x19 .\libandessta.a(mt7681_ChSw.o)
 .comment       0x0000084d       0x19 .\libandessta.a(wifi_ps.o)
 .comment       0x00000866       0x19 .\libandessta.a(wifi_task.o)
 .comment       0x0000087f       0x19 .\libandessta.a(ate.o)
 .comment       0x00000898       0x19 .\libandessta.a(cmm_wep.o)
 .comment       0x000008b1       0x19 .\libandessta.a(led.o)
 .comment       0x000008ca       0x19 .\libandessta.a(do_printf.o)
 .comment       0x000008e3       0x19 .\libandessta.a(fputs.o)
 .comment       0x000008fc       0x19 .\libandessta.a(ctype.o)

.debug
 *(.debug)

.line
 *(.line)

.debug_srcinfo
 *(.debug_srcinfo)

.debug_sfnames
 *(.debug_sfnames)

.debug_aranges
 *(.debug_aranges)

.debug_pubnames
 *(.debug_pubnames)

.debug_info
 *(.debug_info .gnu.linkonce.wi.*)

.debug_abbrev
 *(.debug_abbrev)

.debug_line
 *(.debug_line)

.debug_frame
 *(.debug_frame)

.debug_str
 *(.debug_str)

.debug_loc
 *(.debug_loc)

.debug_macinfo
 *(.debug_macinfo)

.debug_weaknames
 *(.debug_weaknames)

.debug_funcnames
 *(.debug_funcnames)

.debug_typenames
 *(.debug_typenames)

.debug_varnames
 *(.debug_varnames)

/DISCARD/
 *(.note.GNU-stack)
 *(.preboot)
 *(.boot)

.xipsec0        0x00530000     0x4768
 .xipsec0       0x00530000       0x38 .\libandessta.a(cnm_timer.o)
                0x00530000                cnmTimerInitialize
 .xipsec0       0x00530038       0x34 .\libandessta.a(iot_mgmt_cmd.o)
                0x00530038                IoT_Cmd_LinkDown
 .xipsec0       0x0053006c       0x58 .\libandessta.a(queue.o)
                0x0053006c                apiQU_Initialize
 .xipsec0       0x005300c4      0x194 .\libandessta.a(app_nos_main.o)
                0x005300c4                AES_Key_init
                0x0053012c                APP_Init
 .xipsec0       0x00530258      0x294 .\libandessta.a(assoc.o)
                0x00530488                AssocTimeoutAction
                0x00530328                SendNullFrame
                0x00530408                MlmeDisassocReqAction
                0x00530258                FourWayHSTimeoutAction
                0x00530274                Assoc_Initialization
 .xipsec0       0x005304ec       0xf0 .\libandessta.a(auth.o)
                0x005305a0                Auth_Initialization
                0x0053056c                MlmeAuthReqAction
                0x005304ec                MlmeDeauthReqAction
 .xipsec0       0x005305dc      0x658 .\libandessta.a(chip_init.o)
                0x005309c4                MT7681_INIT_CAL
                0x00530714                MT7681_AsicExtraPowerOverMAC
                0x00530624                Reg_bssid_init
                0x00530a28                MT7681_eep_cfg2
                0x00530b44                chip_reg_init
                0x005308e4                MT7681_RXDC_CAL
                0x005305dc                Reg_mac_add_init
                0x0053065c                Sys_reboot
                0x00530750                MT7681_ReadTxPwrPerRate
 .xipsec0       0x00530c34      0x648 .\libandessta.a(cmm_wpa.o)
                0x00530fcc                RTMPMakeRSNIE
                0x00530e84                WPAInstallPairwiseKey
                0x00530df8                RTMPSetWcidSecurityInfo
                0x00530f54                RTMPInsertRSNIE
                0x00530c34                AsicAddPairwiseKeyEntry
                0x00530c8c                AsicAddSharedKeyEntry
                0x00530d90                AsicUpdateWCIDIVEIV
                0x00530da4                AsicUpdateWcidAttributeEntry
 .xipsec0       0x0053127c      0x3fc .\libandessta.a(rtmp_data.o)
                0x00531300                RTMPWriteTxWI_Data
                0x0053127c                STAFindCipherAlgorithm
                0x005315b0                STA_Legacy_Frame_Tx
                0x0053142c                STABuildCommon802_11Header
                0x005314fc                MiniportMMRequest
 .xipsec0       0x00531678      0x674 .\libandessta.a(scan.o)
                0x00531a78                ScanNextChannel
                0x005319f8                ParsingProbeRspBeacon
                0x005318d4                ListScan_Init
                0x005319a4                rtmp_bbp_set_ctrlch
                0x00531794                CfgSupportExtRate
                0x00531c84                StartScan
                0x0053195c                ContScanTimeoutAction
                0x00531678                WPA_ExtractSuiteFromRSNIE
                0x00531764                SCAN_Initialization
                0x00531884                SetScanParam
                0x00531c48                ScanTimeoutAction
                0x00531a34                ScanProcessMgmt
                0x00531738                rtmp_mac_set_ctrlch
                0x00531900                NLO_Initialization
 .xipsec0       0x00531cec      0x310 .\libandessta.a(smtcn.o)
                0x00531dc4                SMTCNfsm_init
                0x00531e38                SMTCNSwitchfsm
                0x00531d78                SMTCNfsm_rst
                0x00531f30                SMTCN_process
                0x00531df0                SMTCN_state_chg_init
                0x00531cec                reset_smnt_set
                0x00531f0c                SMTCNRXFrameHandle
                0x00531e80                SearchTimeoutAction
                0x00531fb8                SMTCN_init
                0x00531d18                reset_smnt_info
 .xipsec0       0x00531ffc       0x60 .\libandessta.a(wow.o)
                0x00531ffc                WOW_Initialization
 .xipsec0       0x0053205c       0xe8 .\libandessta.a(bsp.o)
                0x0053205c                BSP_Init
 .xipsec0       0x00532144      0x7b0 .\libandessta.a(ee_efuse.o)
                0x00532560                eEpWrite
                0x005324a0                eEp_init
                0x005323dc                eEpGetFreeBlockCount
                0x00532528                eEpRead
                0x005322e8                eEpReadRegisters
 .xipsec0       0x005328f4       0xc0 .\libandessta.a(fce.o)
                0x005328f4                drvFCE_Initialize
 .xipsec0       0x005329b4      0x204 .\libandessta.a(pdma.o)
                0x00532b38                drvPDMA_RxInitialize
                0x005329b4                rlk_fce_txts_hard_xmit
                0x00532aec                drvPDMA_TxInitialize
 .xipsec0       0x00532bb8       0xd0 .\libandessta.a(timer.o)
                0x00532c48                drvTMR_Tick_Init
                0x00532bb8                sys_init_timer
                0x00532bf0                kal_create_timer
 .xipsec0       0x00532c88      0x1f8 .\libandessta.a(uart.o)
                0x00532cb0                UART_Close
                0x00532c88                UART_SetBaudRate
                0x00532cbc                UART_Register_TX_cb
                0x00532e48                UART_Open
                0x00532cd4                UART_SetDCBConfig
                0x00532cc8                UART_Register_RX_cb
                0x00532db8                UART_Configure_From_Flash
                0x00532df0                UART_HWInit
 .xipsec0       0x00532e80       0x94 .\libandessta.a(uartlite.o)
                0x00532e80                UART_Init
 .xipsec0       0x00532f14       0xf0 .\libandessta.a(main.o)
                0x00532f14                sys_Init
                0x00532fb4                sysTASK_RegTask
 .xipsec0       0x00533004       0x10 .\libandessta.a(xcpt.o)
                0x00533004                sysXCPT_RegisterHdlr
 .xipsec0       0x00533014       0x88 .\libandessta.a(task.o)
                0x00533050                sysTASK_CreateTask
                0x00533014                sysTASK_RegisterLowPrioTask
 .xipsec0       0x0053309c       0x24 .\libandessta.a(mcuctl.o)
                0x0053309c                drvMCUCTL_RegisterIntHdlr
 .xipsec0       0x005330c0     0x11bc .\libandessta.a(mt7681_ChSw.o)
                0x005330c0                TXDCOCCalibration
                0x0053326c                RCalibration
                0x005331a4                rtmp_bbp_set_bw
                0x0053315c                VCO_Calibration
                0x005334b4                BWCalibration
                0x00533f40                AsicSwitchChannel
 .xipsec0       0x0053427c      0x2e8 .\libandessta.a(wifi_task.o)
                0x0053427c                ws_assoc
                0x005342c0                wifi_state_chg
                0x00534420                ws_auth
                0x005344e8                ws_scan
 .xipsec0       0x00534564       0x5c .\libandessta.a(ate.o)
                0x00534564                Set_ATE_Efuse_Read
 .xipsec0       0x005345c0      0x16c .\libandessta.a(cmm_wep.o)
                0x005345c0                AsicUpdateRxWCIDTable
                0x005345f8                Set_Wep_Key_Proc
 .xipsec0       0x0053472c       0x3c .\libandessta.a(led.o)
                0x0053472c                GPIOInitialize

.xipsec1        0x00534768     0x1e80
 obj/sta/iot_at_cmd.o(.xipsec0)
 .xipsec0       0x00534768      0x2b4 obj/sta/iot_at_cmd.o
                0x005348ac                IoT_parse_ATcommand
                0x00534768                IoT_exec_AT_cmd_reboot
                0x00534780                IoT_exec_AT_Set_Smnt
                0x005349a4                IoT_AT_cmd_resp_header
                0x005347ac                IoT_exec_AT_cmd_Flash_Set
 obj/sta/iot_custom.o(.xipsec0)
 .xipsec0       0x00534a1c      0x354 obj/sta/iot_custom.o
                0x00534a1c                IoT_Cust_SMNT_Sta_Chg_Init
                0x00534aec                reset_usr_cfg
                0x00534c08                load_com_cfg
                0x00534b90                load_usr_cfg
                0x00534a34                reset_com_cfg
 obj/sta/iot_uart_rb.o(.xipsec0)
 .xipsec0       0x00534d70       0x4c obj/sta/iot_uart_rb.o
                0x00534d70                uart_customize_init
 obj/sta/mt7681_ChSw_pub.o(.xipsec0)
 .xipsec0       0x00534dbc       0x6c obj/sta/mt7681_ChSw_pub.o
                0x00534dbc                AsicSetChannel
                0x00534e04                IoT_Cmd_Set_Channel
 obj/sta/wifi_task_pub.o(.xipsec0)
 .xipsec0       0x00534e28      0x1b4 obj/sta/wifi_task_pub.o
                0x00534f1c                load_sta_cfg
                0x00534e28                check_data_valid
                0x00534e6c                store_sta_cfg
 obj/sta/tcpip/resolv.o()
 .mdebug.abi_nds32
                0x00534fdc        0x0 obj/sta/tcpip/resolv.o
 .text.parse_name
                0x00534fdc       0x1c obj/sta/tcpip/resolv.o
 .text.resolv_init
                0x00534ff8       0x18 obj/sta/tcpip/resolv.o
                0x00534ff8                resolv_init
 .text.resolv_conf
                0x00535010       0x34 obj/sta/tcpip/resolv.o
                0x00535010                resolv_conf
 .text.resolv_lookup
                0x00535044       0x58 obj/sta/tcpip/resolv.o
                0x00535044                resolv_lookup
 .text.resolv_query
                0x0053509c       0x84 obj/sta/tcpip/resolv.o
                0x0053509c                resolv_query
 .text.resolv_newdata
                0x00535120      0x144 obj/sta/tcpip/resolv.o
                0x00535120                resolv_newdata
 .text.resolv_check_entries
                0x00535264      0x124 obj/sta/tcpip/resolv.o
                0x00535264                resolv_check_entries
 .text.handle_resolv
                0x00535388       0x40 obj/sta/tcpip/resolv.o
                0x00535388                handle_resolv
 obj/sta/ZC_Adpter/zc_mt7681_adapter.o()
 .mdebug.abi_nds32
                0x005353c8        0x0 obj/sta/ZC_Adpter/zc_mt7681_adapter.o
 .text.MT_GetLocalPortNum
                0x005353c8        0xc obj/sta/ZC_Adpter/zc_mt7681_adapter.o
                0x005353c8                MT_GetLocalPortNum
 .text.MT_GetLocalListenPortNum
                0x005353d4        0xc obj/sta/ZC_Adpter/zc_mt7681_adapter.o
                0x005353d4                MT_GetLocalListenPortNum